11:48:31 **** Auto Build of configuration Debug for project lab3 ****
make all 
'Building file: ../src/main.c'
'Invoking: MicroBlaze gcc compiler'
mb-gcc -Wall -O0 -g3 -c -fmessage-length=0 -MT"src/main.o" -I../../lab3_bsp/microblaze_0/include -mlittle-endian -mcpu=v10.0 -mxl-soft-mul -Wl,--no-relax -ffunction-sections -fdata-sections -MMD -MP -MF"src/main.d" -MT"src/main.o" -o "src/main.o" "../src/main.c"
../src/main.c: In function 'main':
../src/main.c:47:7: warning: unused variable 'c' [-Wunused-variable]
  char c;
       ^
../src/main.c:46:9: warning: unused variable 'b' [-Wunused-variable]
  int a, b;
         ^
../src/main.c:46:6: warning: unused variable 'a' [-Wunused-variable]
  int a, b;
      ^
'Finished building: ../src/main.c'
' '
'Building target: lab3.elf'
'Invoking: MicroBlaze gcc linker'
mb-gcc -Wl,-T -Wl,../src/lscript.ld -L../../lab3_bsp/microblaze_0/lib -mlittle-endian -mcpu=v10.0 -mxl-soft-mul -Wl,--no-relax -Wl,--gc-sections -o "lab3.elf"  ./src/main.o   -Wl,--start-group,-lxil,-lgcc,-lc,--end-group
'Finished building target: lab3.elf'
' '
'Invoking: MicroBlaze Print Size'
mb-size lab3.elf  |tee "lab3.elf.size"
   text	   data	    bss	    dec	    hex	filename
   5416	    272	   3104	   8792	   2258	lab3.elf
'Finished building: lab3.elf.size'
' '

11:48:32 Build Finished (took 1s.24ms)

