Copyright 1986-2018 Xilinx, Inc. All Rights Reserved.
-----------------------------------------------------------------------------------------
| Tool Version : Vivado v.2018.2.2 (win64) Build 2348494 Mon Oct  1 18:25:44 MDT 2018
| Date         : Fri May 29 16:28:40 2026
| Host         : LAPTOP-F29JKP8H running 64-bit major release  (build 9200)
| Command      : report_control_sets -verbose -file main_wrapper_control_sets_placed.rpt
| Design       : main_wrapper
| Device       : xc7a35t
-----------------------------------------------------------------------------------------

Control Set Information

Table of Contents
-----------------
1. Summary
2. Histogram
3. Flip-Flop Distribution
4. Detailed Control Set Information

1. Summary
----------

+----------------------------------------------------------+-------+
|                          Status                          | Count |
+----------------------------------------------------------+-------+
| Number of unique control sets                            |    57 |
| Unused register locations in slices containing registers |   134 |
+----------------------------------------------------------+-------+


2. Histogram
------------

+--------+--------------+
| Fanout | Control Sets |
+--------+--------------+
|      2 |            8 |
|      4 |            2 |
|      6 |            1 |
|      8 |            6 |
|     10 |            2 |
|     12 |            6 |
|     14 |            1 |
|    16+ |           31 |
+--------+--------------+


3. Flip-Flop Distribution
-------------------------

+--------------+-----------------------+------------------------+-----------------+--------------+
| Clock Enable | Synchronous Set/Reset | Asynchronous Set/Reset | Total Registers | Total Slices |
+--------------+-----------------------+------------------------+-----------------+--------------+
| No           | No                    | No                     |             332 |           63 |
| No           | No                    | Yes                    |              58 |            8 |
| No           | Yes                   | No                     |             466 |          101 |
| Yes          | No                    | No                     |             342 |           48 |
| Yes          | No                    | Yes                    |              30 |            8 |
| Yes          | Yes                   | No                     |            1030 |          184 |
+--------------+-----------------------+------------------------+-----------------+--------------+


4. Detailed Control Set Information
-----------------------------------

+---------------------------------------------------------+--------------------------------------------------------------------------------------------------------------------------------------------------------------------------------------------------------+---------------------------------------------------------------------------------------------------------------------------------------------------+------------------+----------------+
|                       Clock Signal                      |                                                                                              Enable Signal                                                                                             |                                                                  Set/Reset Signal                                                                 | Slice Load Count | Bel Load Count |
+---------------------------------------------------------+--------------------------------------------------------------------------------------------------------------------------------------------------------------------------------------------------------+---------------------------------------------------------------------------------------------------------------------------------------------------+------------------+----------------+
|  main_i/mdm_1/U0/Use_E2.BSCAN_I/Ext_JTAG_UPDATE         | main_i/microblaze_0/U0/MicroBlaze_Core_I/Performance.Core/Use_Debug_Logic.Master_Core.Debug_Perf/Control_Reg_En                                                                                        | main_i/microblaze_0/U0/MicroBlaze_Core_I/Performance.Core/Use_Debug_Logic.Master_Core.Debug_Perf/start_single_step_reg_n_0                        |                1 |              2 |
|  main_i/mdm_1/U0/Use_E2.BSCAN_I/Ext_JTAG_UPDATE         | main_i/microblaze_0/U0/MicroBlaze_Core_I/Performance.Core/Use_Debug_Logic.Master_Core.Debug_Perf/Control_Reg_En                                                                                        | main_i/microblaze_0/U0/MicroBlaze_Core_I/Performance.Core/Use_Debug_Logic.Master_Core.Debug_Perf/Serial_Dbg_Intf.normal_stop_cmd_i_reg_n_0        |                1 |              2 |
|  main_i/mdm_1/U0/Use_E2.BSCAN_I/Ext_JTAG_UPDATE         | main_i/microblaze_0/U0/MicroBlaze_Core_I/Performance.Core/Use_Debug_Logic.Master_Core.Debug_Perf/Control_Reg_En                                                                                        | main_i/microblaze_0/U0/MicroBlaze_Core_I/Performance.Core/Use_Debug_Logic.Master_Core.Debug_Perf/Performance_Debug_Control.force_stop_cmd_1_reg_0 |                1 |              2 |
|  main_i/mdm_1/U0/Use_E2.BSCAN_I/Ext_JTAG_UPDATE         | main_i/microblaze_0/U0/MicroBlaze_Core_I/Performance.Core/Use_Debug_Logic.Master_Core.Debug_Perf/Control_Reg_En                                                                                        | main_i/microblaze_0/U0/MicroBlaze_Core_I/Performance.Core/Use_Debug_Logic.Master_Core.Debug_Perf/Serial_Dbg_Intf.continue_from_brk_reg_n_0        |                1 |              2 |
| ~main_i/mdm_1/U0/Use_E2.BSCAN_I/Ext_JTAG_UPDATE         |                                                                                                                                                                                                        | main_i/mdm_1/U0/MDM_Core_I1/JTAG_CONTROL_I/sel_n                                                                                                  |                1 |              2 |
| ~main_i/mdm_1/U0/No_Dbg_Reg_Access.BUFG_DRCK/Dbg_Clk_31 | main_i/mdm_1/U0/MDM_Core_I1/JTAG_CONTROL_I/Use_BSCAN.FDC_I/CE                                                                                                                                          | main_i/mdm_1/U0/MDM_Core_I1/JTAG_CONTROL_I/Use_BSCAN.FDC_I/D_1                                                                                    |                1 |              2 |
|  main_i/clk_wiz_0/inst/clk_out1                         |                                                                                                                                                                                                        | main_i/microblaze_0/U0/MicroBlaze_Core_I/Performance.Core/Use_Debug_Logic.Master_Core.Debug_Perf/capture_1                                        |                1 |              2 |
|  main_i/mdm_1/U0/No_Dbg_Reg_Access.BUFG_DRCK/Dbg_Clk_31 | main_i/mdm_1/U0/Use_E2.BSCAN_I/Dbg_Capture_0                                                                                                                                                           | main_i/mdm_1/U0/MDM_Core_I1/JTAG_CONTROL_I/sel_with_scan_reset19_out                                                                              |                1 |              2 |
|  main_i/clk_wiz_0/inst/clk_out1                         | main_i/microblaze_0/U0/MicroBlaze_Core_I/Performance.Core/Decode_I/Use_MuxCy[10].OF_Piperun_Stage/MUXCY_I/lopt_1                                                                                       |                                                                                                                                                   |                1 |              4 |
|  main_i/mdm_1/U0/Use_E2.BSCAN_I/Ext_JTAG_UPDATE         | main_i/microblaze_0/U0/MicroBlaze_Core_I/Performance.Core/Use_Debug_Logic.Master_Core.Debug_Perf/Serial_Dbg_Intf.command_reg[0]_i_1_n_0                                                                | main_i/microblaze_0/U0/MicroBlaze_Core_I/Performance.Core/Use_Debug_Logic.Master_Core.Debug_Perf/command_reg_clear                                |                1 |              4 |
|  main_i/mdm_1/U0/Use_E2.BSCAN_I/Ext_JTAG_UPDATE         |                                                                                                                                                                                                        |                                                                                                                                                   |                2 |              6 |
|  main_i/mdm_1/U0/Use_E2.BSCAN_I/Ext_JTAG_UPDATE         | main_i/mdm_1/U0/MDM_Core_I1/MDM_SEL                                                                                                                                                                    | main_i/mdm_1/U0/Use_E2.BSCAN_I/AR[0]                                                                                                              |                1 |              8 |
|  main_i/mdm_1/U0/Use_E2.BSCAN_I/Ext_JTAG_UPDATE         | main_i/microblaze_0/U0/MicroBlaze_Core_I/Performance.Core/Use_Debug_Logic.Master_Core.Debug_Perf/Control_Reg_En                                                                                        |                                                                                                                                                   |                2 |              8 |
| ~main_i/mdm_1/U0/Use_E2.BSCAN_I/Ext_JTAG_UPDATE         |                                                                                                                                                                                                        | main_i/mdm_1/U0/Use_E2.BSCAN_I/AR[0]                                                                                                              |                1 |              8 |
|  main_i/clk_wiz_0/inst/clk_out1                         | main_i/axi_uartlite_0/U0/UARTLITE_CORE_I/BAUD_RATE_I/en_16x_Baud                                                                                                                                       |                                                                                                                                                   |                2 |              8 |
|  main_i/clk_wiz_0/inst/clk_out1                         | main_i/axi_uartlite_0/U0/AXI_LITE_IPIF_I/I_SLAVE_ATTACHMENT/start2                                                                                                                                     | main_i/axi_uartlite_0/U0/AXI_LITE_IPIF_I/I_SLAVE_ATTACHMENT/I_DECODER/cs_ce_clr                                                                   |                1 |              8 |
|  main_i/mdm_1/U0/No_Dbg_Reg_Access.BUFG_DRCK/Dbg_Clk_31 | main_i/mdm_1/U0/MDM_Core_I1/p_3_out                                                                                                                                                                    | main_i/mdm_1/U0/Use_E2.BSCAN_I/AR[0]                                                                                                              |                1 |              8 |
|  main_i/clk_wiz_0/inst/clk_out1                         | main_i/microblaze_0/U0/MicroBlaze_Core_I/Performance.Core/Decode_I/Performance_Debug_Control.dbg_hit_reg[0]                                                                                            | main_i/microblaze_0/U0/MicroBlaze_Core_I/sync_reset                                                                                               |                2 |             10 |
|  main_i/clk_wiz_0/inst/clk_out1                         |                                                                                                                                                                                                        | main_i/rst_clk_wiz_0_100M/U0/EXT_LPF/lpf_int                                                                                                      |                2 |             10 |
|  main_i/mdm_1/U0/No_Dbg_Reg_Access.BUFG_DRCK/Dbg_Clk_31 | main_i/mdm_1/U0/MDM_Core_I1/JTAG_CONTROL_I/Use_BSCAN.FDC_I/Use_Serial_Unified_Completion.sample_1_reg[10][0]                                                                                           |                                                                                                                                                   |                2 |             12 |
|  main_i/clk_wiz_0/inst/clk_out1                         | main_i/rst_clk_wiz_0_100M/U0/SEQ/seq_cnt_en                                                                                                                                                            | main_i/rst_clk_wiz_0_100M/U0/SEQ/SEQ_COUNTER/clear                                                                                                |                1 |             12 |
|  main_i/mdm_1/U0/No_Dbg_Reg_Access.BUFG_DRCK/Dbg_Clk_31 | main_i/mdm_1/U0/Use_E2.BSCAN_I/Use_Serial_Unified_Completion.count_reg[5][0]                                                                                                                           |                                                                                                                                                   |                3 |             12 |
|  main_i/clk_wiz_0/inst/clk_out1                         |                                                                                                                                                                                                        | main_i/axi_uartlite_0/U0/UARTLITE_CORE_I/UARTLITE_RX_I/SRL_FIFO_I/I_SRL_FIFO_RBU_F/CNTR_INCR_DECR_ADDN_F_I/SS[0]                                  |                2 |             12 |
|  main_i/clk_wiz_0/inst/clk_out1                         |                                                                                                                                                                                                        | main_i/axi_uartlite_0/U0/UARTLITE_CORE_I/UARTLITE_TX_I/SRL_FIFO_I/I_SRL_FIFO_RBU_F/CNTR_INCR_DECR_ADDN_F_I/SS[0]                                  |                2 |             12 |
|  main_i/mdm_1/U0/No_Dbg_Reg_Access.BUFG_DRCK/Dbg_Clk_31 | main_i/mdm_1/U0/Use_E2.BSCAN_I/E[0]                                                                                                                                                                    |                                                                                                                                                   |                1 |             12 |
|  main_i/clk_wiz_0/inst/clk_out1                         | main_i/axi_uartlite_0/U0/UARTLITE_CORE_I/BAUD_RATE_I/en_16x_Baud                                                                                                                                       | main_i/axi_uartlite_0/U0/UARTLITE_CORE_I/UARTLITE_RX_I/SERIAL_TO_PARALLEL[8].fifo_din[8]_i_1_n_0                                                  |                2 |             14 |
|  main_i/mdm_1/U0/No_Dbg_Reg_Access.BUFG_DRCK/Dbg_Clk_31 | main_i/mdm_1/U0/MDM_Core_I1/JTAG_CONTROL_I/tdi_shifter0                                                                                                                                                |                                                                                                                                                   |                1 |             16 |
|  main_i/clk_wiz_0/inst/clk_out1                         | main_i/axi_uartlite_0/U0/UARTLITE_CORE_I/UARTLITE_RX_I/SRL_FIFO_I/I_SRL_FIFO_RBU_F/DYNSHREG_F_I/fifo_wr                                                                                                |                                                                                                                                                   |                1 |             16 |
|  main_i/mdm_1/U0/No_Dbg_Reg_Access.BUFG_DRCK/Dbg_Clk_31 | main_i/microblaze_0/U0/MicroBlaze_Core_I/Performance.Core/Use_Debug_Logic.Master_Core.Debug_Perf/Using_PC_Breakpoints.All_PC_Brks[0].Serial_Interface_1.address_hit_I/Compare[0].SRLC16E_I/which_pc__0 |                                                                                                                                                   |                7 |             16 |
|  main_i/clk_wiz_0/inst/clk_out1                         | main_i/axi_uartlite_0/U0/AXI_LITE_IPIF_I/I_SLAVE_ATTACHMENT/I_DECODER/fifo_wr                                                                                                                          |                                                                                                                                                   |                1 |             16 |
|  main_i/clk_wiz_0/inst/clk_out1                         | main_i/axi_uartlite_0/U0/AXI_LITE_IPIF_I/I_SLAVE_ATTACHMENT/s_axi_rvalid                                                                                                                               | main_i/microblaze_0/U0/MicroBlaze_Core_I/sync_reset                                                                                               |                1 |             16 |
|  main_i/clk_wiz_0/inst/clk_out1                         | main_i/axi_uartlite_0/U0/AXI_LITE_IPIF_I/I_SLAVE_ATTACHMENT/s_axi_rresp_i                                                                                                                              | main_i/axi_uartlite_0/U0/AXI_LITE_IPIF_I/I_SLAVE_ATTACHMENT/rst                                                                                   |                2 |             16 |
| ~main_i/mdm_1/U0/Use_E2.BSCAN_I/Ext_JTAG_UPDATE         | main_i/mdm_1/U0/MDM_Core_I1/JTAG_CONTROL_I/Use_BSCAN.command[0]_i_1_n_0                                                                                                                                |                                                                                                                                                   |                4 |             16 |
|  main_i/mdm_1/U0/Use_E2.BSCAN_I/Ext_JTAG_UPDATE         | main_i/mdm_1/U0/MDM_Core_I1/JTAG_CONTROL_I/Use_BSCAN.FDC_I/command_1_reg[7]_0[0]                                                                                                                       |                                                                                                                                                   |                1 |             16 |
|  main_i/mdm_1/U0/No_Dbg_Reg_Access.BUFG_DRCK/Dbg_Clk_31 | main_i/mdm_1/U0/MDM_Core_I1/JTAG_CONTROL_I/Use_BSCAN.FDC_I/E[0]                                                                                                                                        |                                                                                                                                                   |                4 |             20 |
|  main_i/clk_wiz_0/inst/clk_out1                         |                                                                                                                                                                                                        | main_i/axi_uartlite_0/U0/AXI_LITE_IPIF_I/I_SLAVE_ATTACHMENT/rst                                                                                   |                3 |             20 |
|  main_i/clk_wiz_0/inst/clk_out1                         | main_i/microblaze_0/U0/MicroBlaze_Core_I/Performance.Core/Decode_I/PreFetch_Buffer_I1/OF_Valid_DFF/E[0]                                                                                                | main_i/microblaze_0/U0/MicroBlaze_Core_I/sync_reset                                                                                               |                7 |             32 |
|  main_i/clk_wiz_0/inst/clk_out1                         | main_i/microblaze_0/U0/MicroBlaze_Core_I/Performance.Core/mem_databus_ready_sel_carry_or/MUXCY_I/lopt_4                                                                                                | main_i/microblaze_0/U0/MicroBlaze_Core_I/sync_reset                                                                                               |                6 |             40 |
|  main_i/mdm_1/U0/No_Dbg_Reg_Access.BUFG_DRCK/Dbg_Clk_31 |                                                                                                                                                                                                        | main_i/mdm_1/U0/Use_E2.BSCAN_I/shift_n_reset1_out                                                                                                 |                5 |             46 |
|  main_i/clk_wiz_0/inst/clk_out1                         |                                                                                                                                                                                                        | main_i/axi_uartlite_0/U0/UARTLITE_CORE_I/UARTLITE_RX_I/SR[0]                                                                                      |                9 |             52 |
|  main_i/clk_wiz_0/inst/clk_out1                         | main_i/axi_uartlite_0/U0/UARTLITE_CORE_I/BAUD_RATE_I/en_16x_Baud                                                                                                                                       | main_i/axi_uartlite_0/U0/UARTLITE_CORE_I/UARTLITE_RX_I/SR[0]                                                                                      |                5 |             56 |
|  main_i/mdm_1/U0/No_Dbg_Reg_Access.BUFG_DRCK/Dbg_Clk_31 | main_i/microblaze_0/U0/MicroBlaze_Core_I/Performance.Core/Use_Debug_Logic.Master_Core.Debug_Perf/New_Dbg_Instr_TCK                                                                                     |                                                                                                                                                   |                9 |             64 |
|  main_i/clk_wiz_0/inst/clk_out1                         |                                                                                                                                                                                                        | main_i/microblaze_0/U0/MicroBlaze_Core_I/Performance.Core/p_1_out                                                                                 |               16 |             64 |
|  main_i/clk_wiz_0/inst/clk_out1                         | main_i/microblaze_0/U0/MicroBlaze_Core_I/Performance.Core/Decode_I/Use_MuxCy[2].OF_Piperun_Stage/MUXCY_I/lopt_1                                                                                        | main_i/microblaze_0/U0/MicroBlaze_Core_I/Performance.Core/Decode_I/R                                                                              |               13 |             64 |
|  main_i/clk_wiz_0/inst/clk_out1                         | main_i/microblaze_0/U0/MicroBlaze_Core_I/Performance.Core/Decode_I/Use_MuxCy[3].OF_Piperun_Stage/MUXCY_I/E[0]                                                                                          | main_i/microblaze_0/U0/MicroBlaze_Core_I/sync_reset                                                                                               |                5 |             64 |
|  main_i/clk_wiz_0/inst/clk_out1                         | main_i/microblaze_0/U0/MicroBlaze_Core_I/Performance.Core/Use_Debug_Logic.Master_Core.Debug_Perf/data_rd_reg[0]_i_1_n_0                                                                                | main_i/microblaze_0/U0/MicroBlaze_Core_I/sync_reset                                                                                               |               12 |             64 |
|  main_i/clk_wiz_0/inst/clk_out1                         | main_i/microblaze_0/U0/MicroBlaze_Core_I/Performance.Core/mem_databus_ready_sel_carry_or/MUXCY_I/lopt_4                                                                                                |                                                                                                                                                   |                8 |             64 |
|  main_i/clk_wiz_0/inst/clk_out1                         | main_i/microblaze_0/U0/MicroBlaze_Core_I/Performance.Core/mem_databus_ready_sel_carry_or/MUXCY_I/lopt_4                                                                                                | main_i/microblaze_0/U0/MicroBlaze_Core_I/Performance.Core/Decode_I/SR[0]                                                                          |               15 |             64 |
|  main_i/clk_wiz_0/inst/clk_out1                         | main_i/microblaze_0/U0/MicroBlaze_Core_I/Performance.Core/Decode_I/jump_logic_I1/MUXCY_JUMP_CARRY6/if_pc_reg[0][0]                                                                                     | main_i/microblaze_0/U0/MicroBlaze_Core_I/sync_reset                                                                                               |                7 |             64 |
|  main_i/clk_wiz_0/inst/clk_out1                         | main_i/microblaze_0/U0/MicroBlaze_Core_I/Performance.Core/Decode_I/Use_MuxCy[2].OF_Piperun_Stage/MUXCY_I/lopt_1                                                                                        | main_i/microblaze_0/U0/MicroBlaze_Core_I/sync_reset                                                                                               |               11 |             68 |
|  main_i/mdm_1/U0/No_Dbg_Reg_Access.BUFG_DRCK/Dbg_Clk_31 | main_i/mdm_1/U0/Use_E2.BSCAN_I/Dbg_Capture_0                                                                                                                                                           |                                                                                                                                                   |               11 |             94 |
|  main_i/clk_wiz_0/inst/clk_out1                         | main_i/microblaze_0/U0/MicroBlaze_Core_I/Performance.Core/Use_Debug_Logic.Master_Core.Debug_Perf/IReady_0                                                                                              |                                                                                                                                                   |               10 |            150 |
|  main_i/mdm_1/U0/No_Dbg_Reg_Access.BUFG_DRCK/Dbg_Clk_31 |                                                                                                                                                                                                        |                                                                                                                                                   |               30 |            160 |
|  main_i/clk_wiz_0/inst/clk_out1                         |                                                                                                                                                                                                        |                                                                                                                                                   |               38 |            200 |
|  main_i/clk_wiz_0/inst/clk_out1                         | main_i/microblaze_0/U0/MicroBlaze_Core_I/Performance.Core/Decode_I/mb_halted_1_reg[31]                                                                                                                 |                                                                                                                                                   |               16 |            256 |
|  main_i/clk_wiz_0/inst/clk_out1                         |                                                                                                                                                                                                        | main_i/microblaze_0/U0/MicroBlaze_Core_I/sync_reset                                                                                               |               67 |            296 |
|  main_i/clk_wiz_0/inst/clk_out1                         | main_i/microblaze_0/U0/MicroBlaze_Core_I/Performance.Core/Decode_I/Use_MuxCy[10].OF_Piperun_Stage/MUXCY_I/lopt_1                                                                                       | main_i/microblaze_0/U0/MicroBlaze_Core_I/sync_reset                                                                                               |               93 |            436 |
+---------------------------------------------------------+--------------------------------------------------------------------------------------------------------------------------------------------------------------------------------------------------------+---------------------------------------------------------------------------------------------------------------------------------------------------+------------------+----------------+


