
*** Running vivado
    with args -log main_wrapper.vdi -applog -m64 -product Vivado -messageDb vivado.pb -mode batch -source main_wrapper.tcl -notrace


****** Vivado v2018.2.2 (64-bit)
  **** SW Build 2348494 on Mon Oct  1 18:25:44 MDT 2018
  **** IP Build 2318053 on Mon Oct  1 21:44:26 MDT 2018
    ** Copyright 1986-2018 Xilinx, Inc. All Rights Reserved.

source main_wrapper.tcl -notrace
INFO: [IP_Flow 19-234] Refreshing IP repositories
INFO: [IP_Flow 19-1704] No user IP repositories specified
INFO: [IP_Flow 19-2313] Loaded Vivado IP repository 'C:/Xilinx/Vivado/2018.2/data/ip'.
Command: link_design -top main_wrapper -part xc7a35tcpg236-1
Design is defaulting to srcset: sources_1
Design is defaulting to constrset: constrs_1
INFO: [Project 1-454] Reading design checkpoint 'c:/Users/Nathan/Desktop/cs152b/cs152b/final_project/final_project.srcs/sources_1/bd/main/ip/main_axi_uartlite_0_0/main_axi_uartlite_0_0.dcp' for cell 'main_i/axi_uartlite_0'
INFO: [Project 1-454] Reading design checkpoint 'c:/Users/Nathan/Desktop/cs152b/cs152b/final_project/final_project.srcs/sources_1/bd/main/ip/main_clk_wiz_0_0/main_clk_wiz_0_0.dcp' for cell 'main_i/clk_wiz_0'
INFO: [Project 1-454] Reading design checkpoint 'c:/Users/Nathan/Desktop/cs152b/cs152b/final_project/final_project.srcs/sources_1/bd/main/ip/main_mdm_1_0/main_mdm_1_0.dcp' for cell 'main_i/mdm_1'
INFO: [Project 1-454] Reading design checkpoint 'c:/Users/Nathan/Desktop/cs152b/cs152b/final_project/final_project.srcs/sources_1/bd/main/ip/main_microblaze_0_0/main_microblaze_0_0.dcp' for cell 'main_i/microblaze_0'
INFO: [Project 1-454] Reading design checkpoint 'c:/Users/Nathan/Desktop/cs152b/cs152b/final_project/final_project.srcs/sources_1/bd/main/ip/main_rst_clk_wiz_0_100M_0/main_rst_clk_wiz_0_100M_0.dcp' for cell 'main_i/rst_clk_wiz_0_100M'
INFO: [Project 1-454] Reading design checkpoint 'c:/Users/Nathan/Desktop/cs152b/cs152b/final_project/final_project.srcs/sources_1/bd/main/ip/main_dlmb_bram_if_cntlr_0/main_dlmb_bram_if_cntlr_0.dcp' for cell 'main_i/microblaze_0_local_memory/dlmb_bram_if_cntlr'
INFO: [Project 1-454] Reading design checkpoint 'c:/Users/Nathan/Desktop/cs152b/cs152b/final_project/final_project.srcs/sources_1/bd/main/ip/main_dlmb_v10_0/main_dlmb_v10_0.dcp' for cell 'main_i/microblaze_0_local_memory/dlmb_v10'
INFO: [Project 1-454] Reading design checkpoint 'c:/Users/Nathan/Desktop/cs152b/cs152b/final_project/final_project.srcs/sources_1/bd/main/ip/main_ilmb_bram_if_cntlr_0/main_ilmb_bram_if_cntlr_0.dcp' for cell 'main_i/microblaze_0_local_memory/ilmb_bram_if_cntlr'
INFO: [Project 1-454] Reading design checkpoint 'c:/Users/Nathan/Desktop/cs152b/cs152b/final_project/final_project.srcs/sources_1/bd/main/ip/main_ilmb_v10_0/main_ilmb_v10_0.dcp' for cell 'main_i/microblaze_0_local_memory/ilmb_v10'
INFO: [Project 1-454] Reading design checkpoint 'c:/Users/Nathan/Desktop/cs152b/cs152b/final_project/final_project.srcs/sources_1/bd/main/ip/main_lmb_bram_0/main_lmb_bram_0.dcp' for cell 'main_i/microblaze_0_local_memory/lmb_bram'
INFO: [Netlist 29-17] Analyzing 256 Unisim elements for replacement
INFO: [Netlist 29-28] Unisim Transformation completed in 0 CPU seconds
INFO: [Project 1-479] Netlist was created with Vivado 2018.2.2
INFO: [Device 21-403] Loading part xc7a35tcpg236-1
INFO: [Project 1-570] Preparing netlist for logic optimization
Parsing XDC File [c:/Users/Nathan/Desktop/cs152b/cs152b/final_project/final_project.srcs/sources_1/bd/main/ip/main_clk_wiz_0_0/main_clk_wiz_0_0_board.xdc] for cell 'main_i/clk_wiz_0/inst'
Finished Parsing XDC File [c:/Users/Nathan/Desktop/cs152b/cs152b/final_project/final_project.srcs/sources_1/bd/main/ip/main_clk_wiz_0_0/main_clk_wiz_0_0_board.xdc] for cell 'main_i/clk_wiz_0/inst'
Parsing XDC File [c:/Users/Nathan/Desktop/cs152b/cs152b/final_project/final_project.srcs/sources_1/bd/main/ip/main_clk_wiz_0_0/main_clk_wiz_0_0.xdc] for cell 'main_i/clk_wiz_0/inst'
INFO: [Timing 38-35] Done setting XDC timing constraints. [c:/Users/Nathan/Desktop/cs152b/cs152b/final_project/final_project.srcs/sources_1/bd/main/ip/main_clk_wiz_0_0/main_clk_wiz_0_0.xdc:57]
INFO: [Timing 38-2] Deriving generated clocks [c:/Users/Nathan/Desktop/cs152b/cs152b/final_project/final_project.srcs/sources_1/bd/main/ip/main_clk_wiz_0_0/main_clk_wiz_0_0.xdc:57]
get_clocks: Time (s): cpu = 00:00:07 ; elapsed = 00:00:08 . Memory (MB): peak = 1304.020 ; gain = 558.977
Finished Parsing XDC File [c:/Users/Nathan/Desktop/cs152b/cs152b/final_project/final_project.srcs/sources_1/bd/main/ip/main_clk_wiz_0_0/main_clk_wiz_0_0.xdc] for cell 'main_i/clk_wiz_0/inst'
Parsing XDC File [c:/Users/Nathan/Desktop/cs152b/cs152b/final_project/final_project.srcs/sources_1/bd/main/ip/main_axi_uartlite_0_0/main_axi_uartlite_0_0_board.xdc] for cell 'main_i/axi_uartlite_0/U0'
Finished Parsing XDC File [c:/Users/Nathan/Desktop/cs152b/cs152b/final_project/final_project.srcs/sources_1/bd/main/ip/main_axi_uartlite_0_0/main_axi_uartlite_0_0_board.xdc] for cell 'main_i/axi_uartlite_0/U0'
Parsing XDC File [c:/Users/Nathan/Desktop/cs152b/cs152b/final_project/final_project.srcs/sources_1/bd/main/ip/main_axi_uartlite_0_0/main_axi_uartlite_0_0.xdc] for cell 'main_i/axi_uartlite_0/U0'
Finished Parsing XDC File [c:/Users/Nathan/Desktop/cs152b/cs152b/final_project/final_project.srcs/sources_1/bd/main/ip/main_axi_uartlite_0_0/main_axi_uartlite_0_0.xdc] for cell 'main_i/axi_uartlite_0/U0'
Parsing XDC File [c:/Users/Nathan/Desktop/cs152b/cs152b/final_project/final_project.srcs/sources_1/bd/main/ip/main_microblaze_0_0/main_microblaze_0_0.xdc] for cell 'main_i/microblaze_0/U0'
Finished Parsing XDC File [c:/Users/Nathan/Desktop/cs152b/cs152b/final_project/final_project.srcs/sources_1/bd/main/ip/main_microblaze_0_0/main_microblaze_0_0.xdc] for cell 'main_i/microblaze_0/U0'
Parsing XDC File [c:/Users/Nathan/Desktop/cs152b/cs152b/final_project/final_project.srcs/sources_1/bd/main/ip/main_mdm_1_0/main_mdm_1_0.xdc] for cell 'main_i/mdm_1/U0'
Finished Parsing XDC File [c:/Users/Nathan/Desktop/cs152b/cs152b/final_project/final_project.srcs/sources_1/bd/main/ip/main_mdm_1_0/main_mdm_1_0.xdc] for cell 'main_i/mdm_1/U0'
Parsing XDC File [c:/Users/Nathan/Desktop/cs152b/cs152b/final_project/final_project.srcs/sources_1/bd/main/ip/main_rst_clk_wiz_0_100M_0/main_rst_clk_wiz_0_100M_0_board.xdc] for cell 'main_i/rst_clk_wiz_0_100M/U0'
Finished Parsing XDC File [c:/Users/Nathan/Desktop/cs152b/cs152b/final_project/final_project.srcs/sources_1/bd/main/ip/main_rst_clk_wiz_0_100M_0/main_rst_clk_wiz_0_100M_0_board.xdc] for cell 'main_i/rst_clk_wiz_0_100M/U0'
Parsing XDC File [c:/Users/Nathan/Desktop/cs152b/cs152b/final_project/final_project.srcs/sources_1/bd/main/ip/main_rst_clk_wiz_0_100M_0/main_rst_clk_wiz_0_100M_0.xdc] for cell 'main_i/rst_clk_wiz_0_100M/U0'
Finished Parsing XDC File [c:/Users/Nathan/Desktop/cs152b/cs152b/final_project/final_project.srcs/sources_1/bd/main/ip/main_rst_clk_wiz_0_100M_0/main_rst_clk_wiz_0_100M_0.xdc] for cell 'main_i/rst_clk_wiz_0_100M/U0'
Parsing XDC File [c:/Users/Nathan/Desktop/cs152b/cs152b/final_project/final_project.srcs/sources_1/bd/main/ip/main_dlmb_v10_0/main_dlmb_v10_0.xdc] for cell 'main_i/microblaze_0_local_memory/dlmb_v10/U0'
Finished Parsing XDC File [c:/Users/Nathan/Desktop/cs152b/cs152b/final_project/final_project.srcs/sources_1/bd/main/ip/main_dlmb_v10_0/main_dlmb_v10_0.xdc] for cell 'main_i/microblaze_0_local_memory/dlmb_v10/U0'
Parsing XDC File [c:/Users/Nathan/Desktop/cs152b/cs152b/final_project/final_project.srcs/sources_1/bd/main/ip/main_ilmb_v10_0/main_ilmb_v10_0.xdc] for cell 'main_i/microblaze_0_local_memory/ilmb_v10/U0'
Finished Parsing XDC File [c:/Users/Nathan/Desktop/cs152b/cs152b/final_project/final_project.srcs/sources_1/bd/main/ip/main_ilmb_v10_0/main_ilmb_v10_0.xdc] for cell 'main_i/microblaze_0_local_memory/ilmb_v10/U0'
Parsing XDC File [C:/Users/Nathan/Desktop/cs152b/cs152b/final_project/final_project.srcs/constrs_1/imports/digilent-xdc-master/Basys-3-Master.xdc]
Finished Parsing XDC File [C:/Users/Nathan/Desktop/cs152b/cs152b/final_project/final_project.srcs/constrs_1/imports/digilent-xdc-master/Basys-3-Master.xdc]
INFO: [Opt 31-138] Pushed 0 inverter(s) to 0 load pin(s).
Generating merged BMM file for the design top 'main_wrapper'...
INFO: [Memdata 28-144] Successfully populated the BRAM INIT strings from the following elf files: c:/Users/Nathan/Desktop/cs152b/cs152b/final_project/final_project.srcs/sources_1/bd/main/ip/main_microblaze_0_0/data/mb_bootloop_le.elf 
INFO: [Project 1-111] Unisim Transformation Summary:
  A total of 96 instances were transformed.
  LUT6_2 => LUT6_2 (LUT5, LUT6): 80 instances
  RAM32M => RAM32M (RAMD32, RAMD32, RAMD32, RAMD32, RAMD32, RAMD32, RAMS32, RAMS32): 16 instances

23 Infos, 0 Warnings, 0 Critical Warnings and 0 Errors encountered.
link_design completed successfully
link_design: Time (s): cpu = 00:00:12 ; elapsed = 00:00:17 . Memory (MB): peak = 1304.770 ; gain = 914.906
Command: opt_design
Attempting to get a license for feature 'Implementation' and/or device 'xc7a35t'
INFO: [Common 17-349] Got license for feature 'Implementation' and/or device 'xc7a35t'
Running DRC as a precondition to command opt_design

Starting DRC Task
INFO: [DRC 23-27] Running DRC with 2 threads
INFO: [Project 1-461] DRC finished with 0 Errors
INFO: [Project 1-462] Please refer to the DRC report (report_drc) for more information.

Time (s): cpu = 00:00:01 ; elapsed = 00:00:00.511 . Memory (MB): peak = 1304.770 ; gain = 0.000

Starting Cache Timing Information Task
INFO: [Timing 38-35] Done setting XDC timing constraints.
INFO: [Timing 38-2] Deriving generated clocks
Ending Cache Timing Information Task | Checksum: 143e769df

Time (s): cpu = 00:00:00 ; elapsed = 00:00:00.149 . Memory (MB): peak = 1323.289 ; gain = 18.520

Starting Logic Optimization Task

Phase 1 Retarget
INFO: [Opt 31-138] Pushed 1 inverter(s) to 1 load pin(s).
INFO: [Opt 31-49] Retargeted 0 cell(s).
Phase 1 Retarget | Checksum: 1b3d3e038

Time (s): cpu = 00:00:01 ; elapsed = 00:00:00.243 . Memory (MB): peak = 1323.289 ; gain = 0.000
INFO: [Opt 31-389] Phase Retarget created 0 cells and removed 0 cells

Phase 2 Constant propagation
INFO: [Opt 31-138] Pushed 0 inverter(s) to 0 load pin(s).
Phase 2 Constant propagation | Checksum: 192c68e73

Time (s): cpu = 00:00:01 ; elapsed = 00:00:00.317 . Memory (MB): peak = 1323.289 ; gain = 0.000
INFO: [Opt 31-389] Phase Constant propagation created 28 cells and removed 114 cells

Phase 3 Sweep
Phase 3 Sweep | Checksum: 14c5c422e

Time (s): cpu = 00:00:01 ; elapsed = 00:00:00.618 . Memory (MB): peak = 1323.289 ; gain = 0.000
INFO: [Opt 31-389] Phase Sweep created 0 cells and removed 642 cells

Phase 4 BUFG optimization
Phase 4 BUFG optimization | Checksum: 14c5c422e

Time (s): cpu = 00:00:01 ; elapsed = 00:00:00.682 . Memory (MB): peak = 1323.289 ; gain = 0.000
INFO: [Opt 31-662] Phase BUFG optimization created 0 cells of which 0 are BUFGs and removed 0 cells.

Phase 5 Shift Register Optimization
Phase 5 Shift Register Optimization | Checksum: 194391954

Time (s): cpu = 00:00:01 ; elapsed = 00:00:00.800 . Memory (MB): peak = 1323.289 ; gain = 0.000
INFO: [Opt 31-389] Phase Shift Register Optimization created 0 cells and removed 0 cells

Phase 6 Post Processing Netlist
Phase 6 Post Processing Netlist | Checksum: 194391954

Time (s): cpu = 00:00:01 ; elapsed = 00:00:00.847 . Memory (MB): peak = 1323.289 ; gain = 0.000
INFO: [Opt 31-389] Phase Post Processing Netlist created 0 cells and removed 0 cells

Starting Connectivity Check Task

Time (s): cpu = 00:00:00 ; elapsed = 00:00:00.005 . Memory (MB): peak = 1323.289 ; gain = 0.000
Ending Logic Optimization Task | Checksum: 194391954

Time (s): cpu = 00:00:01 ; elapsed = 00:00:00.879 . Memory (MB): peak = 1323.289 ; gain = 0.000

Starting Power Optimization Task
INFO: [Pwropt 34-132] Skipping clock gating for clocks with a period < 2.00 ns.
INFO: [Timing 38-35] Done setting XDC timing constraints.
INFO: [Pwropt 34-9] Applying IDT optimizations ...
INFO: [Pwropt 34-10] Applying ODC optimizations ...
INFO: [Physopt 32-619] Estimated Timing Summary | WNS=3.530 | TNS=0.000 |
Running Vector-less Activity Propagation...

Finished Running Vector-less Activity Propagation


Starting PowerOpt Patch Enables Task
INFO: [Pwropt 34-162] WRITE_MODE attribute of 0 BRAM(s) out of a total of 8 has been updated to save power. Run report_power_opt to get a complete listing of the BRAMs updated.
INFO: [Pwropt 34-201] Structural ODC has moved 0 WE to EN ports
Number of BRAM Ports augmented: 8 newly gated: 0 Total Ports: 16
Ending PowerOpt Patch Enables Task | Checksum: 10e00abb3

Time (s): cpu = 00:00:00 ; elapsed = 00:00:00.045 . Memory (MB): peak = 1493.020 ; gain = 0.000
Ending Power Optimization Task | Checksum: 10e00abb3

Time (s): cpu = 00:00:02 ; elapsed = 00:00:01 . Memory (MB): peak = 1493.020 ; gain = 169.730

Starting Final Cleanup Task

Starting Logic Optimization Task
INFO: [Timing 38-35] Done setting XDC timing constraints.
Ending Logic Optimization Task | Checksum: 1a5cc6a72

Time (s): cpu = 00:00:00 ; elapsed = 00:00:00.293 . Memory (MB): peak = 1493.020 ; gain = 0.000
Ending Final Cleanup Task | Checksum: 1a5cc6a72

Time (s): cpu = 00:00:00 ; elapsed = 00:00:00.310 . Memory (MB): peak = 1493.020 ; gain = 0.000
INFO: [Common 17-83] Releasing license: Implementation
47 Infos, 0 Warnings, 0 Critical Warnings and 0 Errors encountered.
opt_design completed successfully
INFO: [Timing 38-480] Writing timing data to binary archive.
Writing placer database...
Writing XDEF routing.
Writing XDEF routing logical nets.
Writing XDEF routing special nets.
Write XDEF Complete: Time (s): cpu = 00:00:00 ; elapsed = 00:00:00.019 . Memory (MB): peak = 1493.020 ; gain = 0.000
INFO: [Common 17-1381] The checkpoint 'C:/Users/Nathan/Desktop/cs152b/cs152b/final_project/final_project.runs/impl_1/main_wrapper_opt.dcp' has been generated.
INFO: [runtcl-4] Executing : report_drc -file main_wrapper_drc_opted.rpt -pb main_wrapper_drc_opted.pb -rpx main_wrapper_drc_opted.rpx
Command: report_drc -file main_wrapper_drc_opted.rpt -pb main_wrapper_drc_opted.pb -rpx main_wrapper_drc_opted.rpx
INFO: [DRC 23-27] Running DRC with 2 threads
INFO: [Coretcl 2-168] The results of DRC are in file C:/Users/Nathan/Desktop/cs152b/cs152b/final_project/final_project.runs/impl_1/main_wrapper_drc_opted.rpt.
report_drc completed successfully
Command: place_design
Attempting to get a license for feature 'Implementation' and/or device 'xc7a35t'
INFO: [Common 17-349] Got license for feature 'Implementation' and/or device 'xc7a35t'
INFO: [DRC 23-27] Running DRC with 2 threads
INFO: [Vivado_Tcl 4-198] DRC finished with 0 Errors
INFO: [Vivado_Tcl 4-199] Please refer to the DRC report (report_drc) for more information.
Running DRC as a precondition to command place_design
INFO: [DRC 23-27] Running DRC with 2 threads
INFO: [Vivado_Tcl 4-198] DRC finished with 0 Errors
INFO: [Vivado_Tcl 4-199] Please refer to the DRC report (report_drc) for more information.

Starting Placer Task
INFO: [Place 30-611] Multithreading enabled for place_design using a maximum of 2 CPUs

Phase 1 Placer Initialization

Phase 1.1 Placer Initialization Netlist Sorting
Netlist sorting complete. Time (s): cpu = 00:00:00 ; elapsed = 00:00:00.009 . Memory (MB): peak = 1493.020 ; gain = 0.000
Phase 1.1 Placer Initialization Netlist Sorting | Checksum: 141308d34

Time (s): cpu = 00:00:00 ; elapsed = 00:00:00.011 . Memory (MB): peak = 1493.020 ; gain = 0.000
INFO: [Timing 38-35] Done setting XDC timing constraints.
INFO: [Opt 31-138] Pushed 0 inverter(s) to 0 load pin(s).
Netlist sorting complete. Time (s): cpu = 00:00:00 ; elapsed = 00:00:00.008 . Memory (MB): peak = 1493.020 ; gain = 0.000

Phase 1.2 IO Placement/ Clock Placement/ Build Placer Device
INFO: [Timing 38-35] Done setting XDC timing constraints.
Phase 1.2 IO Placement/ Clock Placement/ Build Placer Device | Checksum: d7587cb0

Time (s): cpu = 00:00:01 ; elapsed = 00:00:00.769 . Memory (MB): peak = 1493.020 ; gain = 0.000

Phase 1.3 Build Placer Netlist Model
Phase 1.3 Build Placer Netlist Model | Checksum: 1ec880a6f

Time (s): cpu = 00:00:01 ; elapsed = 00:00:01 . Memory (MB): peak = 1493.020 ; gain = 0.000

Phase 1.4 Constrain Clocks/Macros
Phase 1.4 Constrain Clocks/Macros | Checksum: 1ec880a6f

Time (s): cpu = 00:00:01 ; elapsed = 00:00:01 . Memory (MB): peak = 1493.020 ; gain = 0.000
Phase 1 Placer Initialization | Checksum: 1ec880a6f

Time (s): cpu = 00:00:01 ; elapsed = 00:00:01 . Memory (MB): peak = 1493.020 ; gain = 0.000

Phase 2 Global Placement

Phase 2.1 Floorplanning
Phase 2.1 Floorplanning | Checksum: 1866de16f

Time (s): cpu = 00:00:02 ; elapsed = 00:00:01 . Memory (MB): peak = 1493.020 ; gain = 0.000

Phase 2.2 Physical Synthesis In Placer
INFO: [Physopt 32-65] No nets found for high-fanout optimization.
INFO: [Physopt 32-232] Optimized 0 net. Created 0 new instance.
INFO: [Physopt 32-775] End 1 Pass. Optimized 0 net or cell. Created 0 new cell, deleted 0 existing cell and moved 0 existing cell
Netlist sorting complete. Time (s): cpu = 00:00:00 ; elapsed = 00:00:00.010 . Memory (MB): peak = 1493.020 ; gain = 0.000

Summary of Physical Synthesis Optimizations
============================================


-----------------------------------------------------------------------------------------------------------------------------
|  Optimization       |  Added Cells  |  Removed Cells  |  Optimized Cells/Nets  |  Dont Touch  |  Iterations  |  Elapsed   |
-----------------------------------------------------------------------------------------------------------------------------
|  Very High Fanout   |            0  |              0  |                     0  |           0  |           1  |  00:00:00  |
|  Total              |            0  |              0  |                     0  |           0  |           1  |  00:00:00  |
-----------------------------------------------------------------------------------------------------------------------------


Phase 2.2 Physical Synthesis In Placer | Checksum: 13e9fb9d9

Time (s): cpu = 00:00:04 ; elapsed = 00:00:03 . Memory (MB): peak = 1493.020 ; gain = 0.000
Phase 2 Global Placement | Checksum: 19c0bc7db

Time (s): cpu = 00:00:04 ; elapsed = 00:00:03 . Memory (MB): peak = 1493.020 ; gain = 0.000

Phase 3 Detail Placement

Phase 3.1 Commit Multi Column Macros
Phase 3.1 Commit Multi Column Macros | Checksum: 19c0bc7db

Time (s): cpu = 00:00:04 ; elapsed = 00:00:03 . Memory (MB): peak = 1493.020 ; gain = 0.000

Phase 3.2 Commit Most Macros & LUTRAMs
Phase 3.2 Commit Most Macros & LUTRAMs | Checksum: 284fa9b3f

Time (s): cpu = 00:00:05 ; elapsed = 00:00:03 . Memory (MB): peak = 1493.020 ; gain = 0.000

Phase 3.3 Area Swap Optimization
Phase 3.3 Area Swap Optimization | Checksum: 2667e38ea

Time (s): cpu = 00:00:05 ; elapsed = 00:00:03 . Memory (MB): peak = 1493.020 ; gain = 0.000

Phase 3.4 Pipeline Register Optimization
Phase 3.4 Pipeline Register Optimization | Checksum: 1a67e1f59

Time (s): cpu = 00:00:05 ; elapsed = 00:00:03 . Memory (MB): peak = 1493.020 ; gain = 0.000

Phase 3.5 Small Shape Detail Placement
Phase 3.5 Small Shape Detail Placement | Checksum: 253bd4016

Time (s): cpu = 00:00:05 ; elapsed = 00:00:04 . Memory (MB): peak = 1493.020 ; gain = 0.000

Phase 3.6 Re-assign LUT pins
Phase 3.6 Re-assign LUT pins | Checksum: 22e00230e

Time (s): cpu = 00:00:05 ; elapsed = 00:00:04 . Memory (MB): peak = 1493.020 ; gain = 0.000

Phase 3.7 Pipeline Register Optimization
Phase 3.7 Pipeline Register Optimization | Checksum: 22e00230e

Time (s): cpu = 00:00:05 ; elapsed = 00:00:04 . Memory (MB): peak = 1493.020 ; gain = 0.000
Phase 3 Detail Placement | Checksum: 22e00230e

Time (s): cpu = 00:00:05 ; elapsed = 00:00:04 . Memory (MB): peak = 1493.020 ; gain = 0.000

Phase 4 Post Placement Optimization and Clean-Up

Phase 4.1 Post Commit Optimization
INFO: [Timing 38-35] Done setting XDC timing constraints.

Phase 4.1.1 Post Placement Optimization
Post Placement Optimization Initialization | Checksum: 1bb4d4ee8

Phase 4.1.1.1 BUFG Insertion
INFO: [Place 46-31] BUFG insertion identified 0 candidate nets, 0 success, 0 skipped for placement/routing, 0 skipped for timing, 0 skipped for netlist change reason.
Phase 4.1.1.1 BUFG Insertion | Checksum: 1bb4d4ee8

Time (s): cpu = 00:00:06 ; elapsed = 00:00:04 . Memory (MB): peak = 1493.020 ; gain = 0.000
INFO: [Place 30-746] Post Placement Timing Summary WNS=2.279. For the most accurate timing information please run report_timing.
Phase 4.1.1 Post Placement Optimization | Checksum: 147e49602

Time (s): cpu = 00:00:06 ; elapsed = 00:00:04 . Memory (MB): peak = 1493.020 ; gain = 0.000
Phase 4.1 Post Commit Optimization | Checksum: 147e49602

Time (s): cpu = 00:00:06 ; elapsed = 00:00:04 . Memory (MB): peak = 1493.020 ; gain = 0.000

Phase 4.2 Post Placement Cleanup
Phase 4.2 Post Placement Cleanup | Checksum: 147e49602

Time (s): cpu = 00:00:06 ; elapsed = 00:00:04 . Memory (MB): peak = 1493.020 ; gain = 0.000

Phase 4.3 Placer Reporting
Phase 4.3 Placer Reporting | Checksum: 147e49602

Time (s): cpu = 00:00:06 ; elapsed = 00:00:04 . Memory (MB): peak = 1493.020 ; gain = 0.000

Phase 4.4 Final Placement Cleanup
Phase 4.4 Final Placement Cleanup | Checksum: 16c554624

Time (s): cpu = 00:00:06 ; elapsed = 00:00:04 . Memory (MB): peak = 1493.020 ; gain = 0.000
Phase 4 Post Placement Optimization and Clean-Up | Checksum: 16c554624

Time (s): cpu = 00:00:06 ; elapsed = 00:00:04 . Memory (MB): peak = 1493.020 ; gain = 0.000
Ending Placer Task | Checksum: e7d34046

Time (s): cpu = 00:00:06 ; elapsed = 00:00:04 . Memory (MB): peak = 1493.020 ; gain = 0.000
INFO: [Common 17-83] Releasing license: Implementation
70 Infos, 0 Warnings, 0 Critical Warnings and 0 Errors encountered.
place_design completed successfully
INFO: [Timing 38-480] Writing timing data to binary archive.
Writing placer database...
Writing XDEF routing.
Writing XDEF routing logical nets.
Writing XDEF routing special nets.
Write XDEF Complete: Time (s): cpu = 00:00:00 ; elapsed = 00:00:00.132 . Memory (MB): peak = 1493.020 ; gain = 0.000
INFO: [Common 17-1381] The checkpoint 'C:/Users/Nathan/Desktop/cs152b/cs152b/final_project/final_project.runs/impl_1/main_wrapper_placed.dcp' has been generated.
INFO: [runtcl-4] Executing : report_io -file main_wrapper_io_placed.rpt
report_io: Time (s): cpu = 00:00:00 ; elapsed = 00:00:00.016 . Memory (MB): peak = 1493.020 ; gain = 0.000
INFO: [runtcl-4] Executing : report_utilization -file main_wrapper_utilization_placed.rpt -pb main_wrapper_utilization_placed.pb
report_utilization: Time (s): cpu = 00:00:00 ; elapsed = 00:00:00.027 . Memory (MB): peak = 1493.020 ; gain = 0.000
INFO: [runtcl-4] Executing : report_control_sets -verbose -file main_wrapper_control_sets_placed.rpt
report_control_sets: Time (s): cpu = 00:00:00 ; elapsed = 00:00:00.012 . Memory (MB): peak = 1493.020 ; gain = 0.000
Command: route_design
Attempting to get a license for feature 'Implementation' and/or device 'xc7a35t'
INFO: [Common 17-349] Got license for feature 'Implementation' and/or device 'xc7a35t'
Running DRC as a precondition to command route_design
INFO: [DRC 23-27] Running DRC with 2 threads
INFO: [Vivado_Tcl 4-198] DRC finished with 0 Errors
INFO: [Vivado_Tcl 4-199] Please refer to the DRC report (report_drc) for more information.


Starting Routing Task
INFO: [Route 35-254] Multithreading enabled for route_design using a maximum of 2 CPUs
Checksum: PlaceDB: 6292c143 ConstDB: 0 ShapeSum: 85407f03 RouteDB: 0

Phase 1 Build RT Design
Phase 1 Build RT Design | Checksum: 6ea10809

Time (s): cpu = 00:00:11 ; elapsed = 00:00:10 . Memory (MB): peak = 1493.020 ; gain = 0.000
Post Restoration Checksum: NetGraph: 45d7b272 NumContArr: 28c95597 Constraints: 0 Timing: 0

Phase 2 Router Initialization

Phase 2.1 Create Timer
Phase 2.1 Create Timer | Checksum: 6ea10809

Time (s): cpu = 00:00:11 ; elapsed = 00:00:10 . Memory (MB): peak = 1493.020 ; gain = 0.000

Phase 2.2 Fix Topology Constraints
Phase 2.2 Fix Topology Constraints | Checksum: 6ea10809

Time (s): cpu = 00:00:11 ; elapsed = 00:00:10 . Memory (MB): peak = 1493.020 ; gain = 0.000

Phase 2.3 Pre Route Cleanup
Phase 2.3 Pre Route Cleanup | Checksum: 6ea10809

Time (s): cpu = 00:00:11 ; elapsed = 00:00:10 . Memory (MB): peak = 1493.020 ; gain = 0.000
 Number of Nodes with overlaps = 0

Phase 2.4 Update Timing
Phase 2.4 Update Timing | Checksum: 1b60aebb8

Time (s): cpu = 00:00:12 ; elapsed = 00:00:11 . Memory (MB): peak = 1493.020 ; gain = 0.000
INFO: [Route 35-416] Intermediate Timing Summary | WNS=2.419  | TNS=0.000  | WHS=-0.316 | THS=-129.143|

Phase 2 Router Initialization | Checksum: 15220aa18

Time (s): cpu = 00:00:13 ; elapsed = 00:00:11 . Memory (MB): peak = 1493.020 ; gain = 0.000

Phase 3 Initial Routing
Phase 3 Initial Routing | Checksum: 1277e4736

Time (s): cpu = 00:00:13 ; elapsed = 00:00:11 . Memory (MB): peak = 1493.020 ; gain = 0.000

Phase 4 Rip-up And Reroute

Phase 4.1 Global Iteration 0
 Number of Nodes with overlaps = 368
 Number of Nodes with overlaps = 31
 Number of Nodes with overlaps = 11
 Number of Nodes with overlaps = 6
 Number of Nodes with overlaps = 0
INFO: [Route 35-416] Intermediate Timing Summary | WNS=1.617  | TNS=0.000  | WHS=N/A    | THS=N/A    |

Phase 4.1 Global Iteration 0 | Checksum: 12cb3b8a3

Time (s): cpu = 00:00:14 ; elapsed = 00:00:12 . Memory (MB): peak = 1493.020 ; gain = 0.000
Phase 4 Rip-up And Reroute | Checksum: 12cb3b8a3

Time (s): cpu = 00:00:14 ; elapsed = 00:00:12 . Memory (MB): peak = 1493.020 ; gain = 0.000

Phase 5 Delay and Skew Optimization

Phase 5.1 Delay CleanUp

Phase 5.1.1 Update Timing
Phase 5.1.1 Update Timing | Checksum: 1a2ea6db2

Time (s): cpu = 00:00:15 ; elapsed = 00:00:12 . Memory (MB): peak = 1493.020 ; gain = 0.000
INFO: [Route 35-416] Intermediate Timing Summary | WNS=1.624  | TNS=0.000  | WHS=N/A    | THS=N/A    |

Phase 5.1 Delay CleanUp | Checksum: 1a2ea6db2

Time (s): cpu = 00:00:15 ; elapsed = 00:00:12 . Memory (MB): peak = 1493.020 ; gain = 0.000

Phase 5.2 Clock Skew Optimization
Phase 5.2 Clock Skew Optimization | Checksum: 1a2ea6db2

Time (s): cpu = 00:00:15 ; elapsed = 00:00:12 . Memory (MB): peak = 1493.020 ; gain = 0.000
Phase 5 Delay and Skew Optimization | Checksum: 1a2ea6db2

Time (s): cpu = 00:00:15 ; elapsed = 00:00:12 . Memory (MB): peak = 1493.020 ; gain = 0.000

Phase 6 Post Hold Fix

Phase 6.1 Hold Fix Iter

Phase 6.1.1 Update Timing
Phase 6.1.1 Update Timing | Checksum: 1415c4281

Time (s): cpu = 00:00:15 ; elapsed = 00:00:12 . Memory (MB): peak = 1493.020 ; gain = 0.000
INFO: [Route 35-416] Intermediate Timing Summary | WNS=1.624  | TNS=0.000  | WHS=0.030  | THS=0.000  |

Phase 6.1 Hold Fix Iter | Checksum: 19b234a8c

Time (s): cpu = 00:00:15 ; elapsed = 00:00:12 . Memory (MB): peak = 1493.020 ; gain = 0.000
Phase 6 Post Hold Fix | Checksum: 19b234a8c

Time (s): cpu = 00:00:15 ; elapsed = 00:00:12 . Memory (MB): peak = 1493.020 ; gain = 0.000

Phase 7 Route finalize

Router Utilization Summary
  Global Vertical Routing Utilization    = 0.904967 %
  Global Horizontal Routing Utilization  = 1.19912 %
  Routable Net Status*
  *Does not include unroutable nets such as driverless and loadless.
  Run report_route_status for detailed report.
  Number of Failed Nets               = 0
  Number of Unrouted Nets             = 0
  Number of Partially Routed Nets     = 0
  Number of Node Overlaps             = 0

Phase 7 Route finalize | Checksum: e7bb49a9

Time (s): cpu = 00:00:15 ; elapsed = 00:00:12 . Memory (MB): peak = 1493.020 ; gain = 0.000

Phase 8 Verifying routed nets

 Verification completed successfully
Phase 8 Verifying routed nets | Checksum: e7bb49a9

Time (s): cpu = 00:00:15 ; elapsed = 00:00:12 . Memory (MB): peak = 1493.020 ; gain = 0.000

Phase 9 Depositing Routes
Phase 9 Depositing Routes | Checksum: 49fc8efb

Time (s): cpu = 00:00:15 ; elapsed = 00:00:12 . Memory (MB): peak = 1493.020 ; gain = 0.000

Phase 10 Post Router Timing
INFO: [Route 35-57] Estimated Timing Summary | WNS=1.624  | TNS=0.000  | WHS=0.030  | THS=0.000  |

INFO: [Route 35-327] The final timing numbers are based on the router estimated timing analysis. For a complete and accurate timing signoff, please run report_timing_summary.
Phase 10 Post Router Timing | Checksum: 49fc8efb

Time (s): cpu = 00:00:15 ; elapsed = 00:00:12 . Memory (MB): peak = 1493.020 ; gain = 0.000
INFO: [Route 35-16] Router Completed Successfully

Time (s): cpu = 00:00:15 ; elapsed = 00:00:12 . Memory (MB): peak = 1493.020 ; gain = 0.000

Routing Is Done.
INFO: [Common 17-83] Releasing license: Implementation
88 Infos, 0 Warnings, 0 Critical Warnings and 0 Errors encountered.
route_design completed successfully
route_design: Time (s): cpu = 00:00:16 ; elapsed = 00:00:13 . Memory (MB): peak = 1493.020 ; gain = 0.000
INFO: [Timing 38-480] Writing timing data to binary archive.
Writing placer database...
Writing XDEF routing.
Writing XDEF routing logical nets.
Writing XDEF routing special nets.
Write XDEF Complete: Time (s): cpu = 00:00:01 ; elapsed = 00:00:00.168 . Memory (MB): peak = 1493.020 ; gain = 0.000
INFO: [Common 17-1381] The checkpoint 'C:/Users/Nathan/Desktop/cs152b/cs152b/final_project/final_project.runs/impl_1/main_wrapper_routed.dcp' has been generated.
INFO: [runtcl-4] Executing : report_drc -file main_wrapper_drc_routed.rpt -pb main_wrapper_drc_routed.pb -rpx main_wrapper_drc_routed.rpx
Command: report_drc -file main_wrapper_drc_routed.rpt -pb main_wrapper_drc_routed.pb -rpx main_wrapper_drc_routed.rpx
INFO: [DRC 23-27] Running DRC with 2 threads
INFO: [Coretcl 2-168] The results of DRC are in file C:/Users/Nathan/Desktop/cs152b/cs152b/final_project/final_project.runs/impl_1/main_wrapper_drc_routed.rpt.
report_drc completed successfully
INFO: [runtcl-4] Executing : report_methodology -file main_wrapper_methodology_drc_routed.rpt -pb main_wrapper_methodology_drc_routed.pb -rpx main_wrapper_methodology_drc_routed.rpx
Command: report_methodology -file main_wrapper_methodology_drc_routed.rpt -pb main_wrapper_methodology_drc_routed.pb -rpx main_wrapper_methodology_drc_routed.rpx
INFO: [Timing 38-35] Done setting XDC timing constraints.
INFO: [Timing 38-35] Done setting XDC timing constraints.
INFO: [DRC 23-133] Running Methodology with 2 threads
INFO: [Coretcl 2-1520] The results of Report Methodology are in file C:/Users/Nathan/Desktop/cs152b/cs152b/final_project/final_project.runs/impl_1/main_wrapper_methodology_drc_routed.rpt.
report_methodology completed successfully
INFO: [runtcl-4] Executing : report_power -file main_wrapper_power_routed.rpt -pb main_wrapper_power_summary_routed.pb -rpx main_wrapper_power_routed.rpx
Command: report_power -file main_wrapper_power_routed.rpt -pb main_wrapper_power_summary_routed.pb -rpx main_wrapper_power_routed.rpx
INFO: [Timing 38-35] Done setting XDC timing constraints.
Running Vector-less Activity Propagation...

Finished Running Vector-less Activity Propagation
WARNING: [Power 33-332] Found switching activity that implies high-fanout reset nets being asserted for excessive periods of time which may result in inaccurate power analysis.
Resolution: To review and fix problems, please run Power Constraints Advisor in the GUI from Tools > Power Constraints Advisor or run report_power with the -advisory option to generate a text report.
100 Infos, 1 Warnings, 0 Critical Warnings and 0 Errors encountered.
report_power completed successfully
INFO: [runtcl-4] Executing : report_route_status -file main_wrapper_route_status.rpt -pb main_wrapper_route_status.pb
INFO: [runtcl-4] Executing : report_timing_summary -max_paths 10 -file main_wrapper_timing_summary_routed.rpt -pb main_wrapper_timing_summary_routed.pb -rpx main_wrapper_timing_summary_routed.rpx -warn_on_violation 
INFO: [Timing 38-91] UpdateTimingParams: Speed grade: -1, Delay Type: min_max, Timing Stage: Requireds.
INFO: [Timing 38-191] Multithreading enabled for timing update using a maximum of 2 CPUs
INFO: [runtcl-4] Executing : report_incremental_reuse -file main_wrapper_incremental_reuse_routed.rpt
INFO: [Vivado_Tcl 4-545] No incremental reuse to report, no incremental placement and routing data was found.
INFO: [runtcl-4] Executing : report_clock_utilization -file main_wrapper_clock_utilization_routed.rpt
INFO: [runtcl-4] Executing : report_bus_skew -warn_on_violation -file main_wrapper_bus_skew_routed.rpt -pb main_wrapper_bus_skew_routed.pb -rpx main_wrapper_bus_skew_routed.rpx
INFO: [Timing 38-91] UpdateTimingParams: Speed grade: -1, Delay Type: min_max, Timing Stage: Requireds.
INFO: [Timing 38-191] Multithreading enabled for timing update using a maximum of 2 CPUs
Command: write_bitstream -force main_wrapper.bit
Attempting to get a license for feature 'Implementation' and/or device 'xc7a35t'
INFO: [Common 17-349] Got license for feature 'Implementation' and/or device 'xc7a35t'
Running DRC as a precondition to command write_bitstream
INFO: [DRC 23-27] Running DRC with 2 threads
INFO: [Vivado 12-3199] DRC finished with 0 Errors
INFO: [Vivado 12-3200] Please refer to the DRC report (report_drc) for more information.
INFO: [Designutils 20-2272] Running write_bitstream with 2 threads.
Loading data files...
Loading site data...
Loading route data...
Processing options...
Creating bitmap...
Creating bitstream...
Bitstream compression saved 12985024 bits.
Writing bitstream ./main_wrapper.bit...
INFO: [Vivado 12-1842] Bitgen Completed Successfully.
INFO: [Project 1-120] WebTalk data collection is mandatory when using a WebPACK part without a full Vivado license. To see the specific WebTalk data collected for your design, open the usage_statistics_webtalk.html or usage_statistics_webtalk.xml file in the implementation directory.
INFO: [Common 17-83] Releasing license: Implementation
118 Infos, 1 Warnings, 0 Critical Warnings and 0 Errors encountered.
write_bitstream completed successfully
write_bitstream: Time (s): cpu = 00:00:08 ; elapsed = 00:00:08 . Memory (MB): peak = 1960.531 ; gain = 415.035
INFO: [Common 17-206] Exiting Vivado at Fri May 29 16:29:07 2026...
