
*** Running vivado
    with args -log main_wrapper.vds -m64 -product Vivado -mode batch -messageDb vivado.pb -notrace -source main_wrapper.tcl


****** Vivado v2018.2.2 (64-bit)
  **** SW Build 2348494 on Mon Oct  1 18:25:44 MDT 2018
  **** IP Build 2318053 on Mon Oct  1 21:44:26 MDT 2018
    ** Copyright 1986-2018 Xilinx, Inc. All Rights Reserved.

source main_wrapper.tcl -notrace
INFO: [IP_Flow 19-234] Refreshing IP repositories
INFO: [IP_Flow 19-1704] No user IP repositories specified
INFO: [IP_Flow 19-2313] Loaded Vivado IP repository 'C:/Xilinx/Vivado/2018.2/data/ip'.
Command: synth_design -top main_wrapper -part xc7a35tcpg236-1
Starting synth_design
Attempting to get a license for feature 'Synthesis' and/or device 'xc7a35t'
INFO: [Common 17-349] Got license for feature 'Synthesis' and/or device 'xc7a35t'
INFO: Launching helper process for spawning children vivado processes
INFO: Helper process launched with PID 18940 
---------------------------------------------------------------------------------
Starting RTL Elaboration : Time (s): cpu = 00:00:01 ; elapsed = 00:00:02 . Memory (MB): peak = 497.438 ; gain = 97.547
---------------------------------------------------------------------------------
INFO: [Synth 8-6157] synthesizing module 'main_wrapper' [C:/Users/Nathan/Desktop/cs152b/cs152b/final_project/final_project.srcs/sources_1/bd/main/hdl/main_wrapper.v:12]
INFO: [Synth 8-6157] synthesizing module 'main' [C:/Users/Nathan/Desktop/cs152b/cs152b/final_project/final_project.srcs/sources_1/bd/main/synth/main.v:277]
INFO: [Synth 8-6157] synthesizing module 'main_axi_timer_0_0' [C:/Users/Nathan/Desktop/cs152b/cs152b/final_project/final_project.runs/synth_1/.Xil/Vivado-8932-LAPTOP-F29JKP8H/realtime/main_axi_timer_0_0_stub.v:6]
INFO: [Synth 8-6155] done synthesizing module 'main_axi_timer_0_0' (1#1) [C:/Users/Nathan/Desktop/cs152b/cs152b/final_project/final_project.runs/synth_1/.Xil/Vivado-8932-LAPTOP-F29JKP8H/realtime/main_axi_timer_0_0_stub.v:6]
WARNING: [Synth 8-350] instance 'axi_timer_0' of module 'main_axi_timer_0_0' requires 26 connections, but only 22 given [C:/Users/Nathan/Desktop/cs152b/cs152b/final_project/final_project.srcs/sources_1/bd/main/synth/main.v:384]
INFO: [Synth 8-6157] synthesizing module 'main_axi_uartlite_0_0' [C:/Users/Nathan/Desktop/cs152b/cs152b/final_project/final_project.runs/synth_1/.Xil/Vivado-8932-LAPTOP-F29JKP8H/realtime/main_axi_uartlite_0_0_stub.v:6]
INFO: [Synth 8-6155] done synthesizing module 'main_axi_uartlite_0_0' (2#1) [C:/Users/Nathan/Desktop/cs152b/cs152b/final_project/final_project.runs/synth_1/.Xil/Vivado-8932-LAPTOP-F29JKP8H/realtime/main_axi_uartlite_0_0_stub.v:6]
WARNING: [Synth 8-350] instance 'axi_uartlite_0' of module 'main_axi_uartlite_0_0' requires 22 connections, but only 21 given [C:/Users/Nathan/Desktop/cs152b/cs152b/final_project/final_project.srcs/sources_1/bd/main/synth/main.v:407]
INFO: [Synth 8-6157] synthesizing module 'main_clk_wiz_0_0' [C:/Users/Nathan/Desktop/cs152b/cs152b/final_project/final_project.runs/synth_1/.Xil/Vivado-8932-LAPTOP-F29JKP8H/realtime/main_clk_wiz_0_0_stub.v:5]
INFO: [Synth 8-6155] done synthesizing module 'main_clk_wiz_0_0' (3#1) [C:/Users/Nathan/Desktop/cs152b/cs152b/final_project/final_project.runs/synth_1/.Xil/Vivado-8932-LAPTOP-F29JKP8H/realtime/main_clk_wiz_0_0_stub.v:5]
INFO: [Synth 8-6157] synthesizing module 'main_mdm_1_0' [C:/Users/Nathan/Desktop/cs152b/cs152b/final_project/final_project.runs/synth_1/.Xil/Vivado-8932-LAPTOP-F29JKP8H/realtime/main_mdm_1_0_stub.v:6]
INFO: [Synth 8-6155] done synthesizing module 'main_mdm_1_0' (4#1) [C:/Users/Nathan/Desktop/cs152b/cs152b/final_project/final_project.runs/synth_1/.Xil/Vivado-8932-LAPTOP-F29JKP8H/realtime/main_mdm_1_0_stub.v:6]
INFO: [Synth 8-6157] synthesizing module 'main_microblaze_0_0' [C:/Users/Nathan/Desktop/cs152b/cs152b/final_project/final_project.runs/synth_1/.Xil/Vivado-8932-LAPTOP-F29JKP8H/realtime/main_microblaze_0_0_stub.v:6]
INFO: [Synth 8-6155] done synthesizing module 'main_microblaze_0_0' (5#1) [C:/Users/Nathan/Desktop/cs152b/cs152b/final_project/final_project.runs/synth_1/.Xil/Vivado-8932-LAPTOP-F29JKP8H/realtime/main_microblaze_0_0_stub.v:6]
WARNING: [Synth 8-350] instance 'microblaze_0' of module 'main_microblaze_0_0' requires 52 connections, but only 51 given [C:/Users/Nathan/Desktop/cs152b/cs152b/final_project/final_project.srcs/sources_1/bd/main/synth/main.v:447]
INFO: [Synth 8-6157] synthesizing module 'main_microblaze_0_axi_periph_0' [C:/Users/Nathan/Desktop/cs152b/cs152b/final_project/final_project.srcs/sources_1/bd/main/synth/main.v:595]
INFO: [Synth 8-6157] synthesizing module 'm00_couplers_imp_32AL1Q' [C:/Users/Nathan/Desktop/cs152b/cs152b/final_project/final_project.srcs/sources_1/bd/main/synth/main.v:12]
INFO: [Synth 8-6155] done synthesizing module 'm00_couplers_imp_32AL1Q' (6#1) [C:/Users/Nathan/Desktop/cs152b/cs152b/final_project/final_project.srcs/sources_1/bd/main/synth/main.v:12]
INFO: [Synth 8-6157] synthesizing module 'm01_couplers_imp_15MILBS' [C:/Users/Nathan/Desktop/cs152b/cs152b/final_project/final_project.srcs/sources_1/bd/main/synth/main.v:144]
INFO: [Synth 8-6155] done synthesizing module 'm01_couplers_imp_15MILBS' (7#1) [C:/Users/Nathan/Desktop/cs152b/cs152b/final_project/final_project.srcs/sources_1/bd/main/synth/main.v:144]
INFO: [Synth 8-6157] synthesizing module 's00_couplers_imp_1L2J9YZ' [C:/Users/Nathan/Desktop/cs152b/cs152b/final_project/final_project.srcs/sources_1/bd/main/synth/main.v:1291]
INFO: [Synth 8-6155] done synthesizing module 's00_couplers_imp_1L2J9YZ' (8#1) [C:/Users/Nathan/Desktop/cs152b/cs152b/final_project/final_project.srcs/sources_1/bd/main/synth/main.v:1291]
INFO: [Synth 8-6157] synthesizing module 'main_xbar_0' [C:/Users/Nathan/Desktop/cs152b/cs152b/final_project/final_project.runs/synth_1/.Xil/Vivado-8932-LAPTOP-F29JKP8H/realtime/main_xbar_0_stub.v:6]
INFO: [Synth 8-6155] done synthesizing module 'main_xbar_0' (9#1) [C:/Users/Nathan/Desktop/cs152b/cs152b/final_project/final_project.runs/synth_1/.Xil/Vivado-8932-LAPTOP-F29JKP8H/realtime/main_xbar_0_stub.v:6]
WARNING: [Synth 8-350] instance 'xbar' of module 'main_xbar_0' requires 40 connections, but only 38 given [C:/Users/Nathan/Desktop/cs152b/cs152b/final_project/final_project.srcs/sources_1/bd/main/synth/main.v:1016]
INFO: [Synth 8-6155] done synthesizing module 'main_microblaze_0_axi_periph_0' (10#1) [C:/Users/Nathan/Desktop/cs152b/cs152b/final_project/final_project.srcs/sources_1/bd/main/synth/main.v:595]
INFO: [Synth 8-6157] synthesizing module 'microblaze_0_local_memory_imp_1APSQ96' [C:/Users/Nathan/Desktop/cs152b/cs152b/final_project/final_project.srcs/sources_1/bd/main/synth/main.v:1057]
INFO: [Synth 8-6157] synthesizing module 'main_dlmb_bram_if_cntlr_0' [C:/Users/Nathan/Desktop/cs152b/cs152b/final_project/final_project.runs/synth_1/.Xil/Vivado-8932-LAPTOP-F29JKP8H/realtime/main_dlmb_bram_if_cntlr_0_stub.v:6]
INFO: [Synth 8-6155] done synthesizing module 'main_dlmb_bram_if_cntlr_0' (11#1) [C:/Users/Nathan/Desktop/cs152b/cs152b/final_project/final_project.runs/synth_1/.Xil/Vivado-8932-LAPTOP-F29JKP8H/realtime/main_dlmb_bram_if_cntlr_0_stub.v:6]
INFO: [Synth 8-6157] synthesizing module 'main_dlmb_v10_0' [C:/Users/Nathan/Desktop/cs152b/cs152b/final_project/final_project.runs/synth_1/.Xil/Vivado-8932-LAPTOP-F29JKP8H/realtime/main_dlmb_v10_0_stub.v:6]
INFO: [Synth 8-6155] done synthesizing module 'main_dlmb_v10_0' (12#1) [C:/Users/Nathan/Desktop/cs152b/cs152b/final_project/final_project.runs/synth_1/.Xil/Vivado-8932-LAPTOP-F29JKP8H/realtime/main_dlmb_v10_0_stub.v:6]
WARNING: [Synth 8-350] instance 'dlmb_v10' of module 'main_dlmb_v10_0' requires 25 connections, but only 24 given [C:/Users/Nathan/Desktop/cs152b/cs152b/final_project/final_project.srcs/sources_1/bd/main/synth/main.v:1203]
INFO: [Synth 8-6157] synthesizing module 'main_ilmb_bram_if_cntlr_0' [C:/Users/Nathan/Desktop/cs152b/cs152b/final_project/final_project.runs/synth_1/.Xil/Vivado-8932-LAPTOP-F29JKP8H/realtime/main_ilmb_bram_if_cntlr_0_stub.v:6]
INFO: [Synth 8-6155] done synthesizing module 'main_ilmb_bram_if_cntlr_0' (13#1) [C:/Users/Nathan/Desktop/cs152b/cs152b/final_project/final_project.runs/synth_1/.Xil/Vivado-8932-LAPTOP-F29JKP8H/realtime/main_ilmb_bram_if_cntlr_0_stub.v:6]
INFO: [Synth 8-6157] synthesizing module 'main_ilmb_v10_0' [C:/Users/Nathan/Desktop/cs152b/cs152b/final_project/final_project.runs/synth_1/.Xil/Vivado-8932-LAPTOP-F29JKP8H/realtime/main_ilmb_v10_0_stub.v:6]
INFO: [Synth 8-6155] done synthesizing module 'main_ilmb_v10_0' (14#1) [C:/Users/Nathan/Desktop/cs152b/cs152b/final_project/final_project.runs/synth_1/.Xil/Vivado-8932-LAPTOP-F29JKP8H/realtime/main_ilmb_v10_0_stub.v:6]
WARNING: [Synth 8-350] instance 'ilmb_v10' of module 'main_ilmb_v10_0' requires 25 connections, but only 24 given [C:/Users/Nathan/Desktop/cs152b/cs152b/final_project/final_project.srcs/sources_1/bd/main/synth/main.v:1249]
INFO: [Synth 8-6157] synthesizing module 'main_lmb_bram_0' [C:/Users/Nathan/Desktop/cs152b/cs152b/final_project/final_project.runs/synth_1/.Xil/Vivado-8932-LAPTOP-F29JKP8H/realtime/main_lmb_bram_0_stub.v:6]
INFO: [Synth 8-6155] done synthesizing module 'main_lmb_bram_0' (15#1) [C:/Users/Nathan/Desktop/cs152b/cs152b/final_project/final_project.runs/synth_1/.Xil/Vivado-8932-LAPTOP-F29JKP8H/realtime/main_lmb_bram_0_stub.v:6]
WARNING: [Synth 8-350] instance 'lmb_bram' of module 'main_lmb_bram_0' requires 16 connections, but only 14 given [C:/Users/Nathan/Desktop/cs152b/cs152b/final_project/final_project.srcs/sources_1/bd/main/synth/main.v:1274]
INFO: [Synth 8-6155] done synthesizing module 'microblaze_0_local_memory_imp_1APSQ96' (16#1) [C:/Users/Nathan/Desktop/cs152b/cs152b/final_project/final_project.srcs/sources_1/bd/main/synth/main.v:1057]
INFO: [Synth 8-6157] synthesizing module 'main_rst_clk_wiz_0_100M_0' [C:/Users/Nathan/Desktop/cs152b/cs152b/final_project/final_project.runs/synth_1/.Xil/Vivado-8932-LAPTOP-F29JKP8H/realtime/main_rst_clk_wiz_0_100M_0_stub.v:6]
INFO: [Synth 8-6155] done synthesizing module 'main_rst_clk_wiz_0_100M_0' (17#1) [C:/Users/Nathan/Desktop/cs152b/cs152b/final_project/final_project.runs/synth_1/.Xil/Vivado-8932-LAPTOP-F29JKP8H/realtime/main_rst_clk_wiz_0_100M_0_stub.v:6]
WARNING: [Synth 8-350] instance 'rst_clk_wiz_0_100M' of module 'main_rst_clk_wiz_0_100M_0' requires 10 connections, but only 9 given [C:/Users/Nathan/Desktop/cs152b/cs152b/final_project/final_project.srcs/sources_1/bd/main/synth/main.v:583]
INFO: [Synth 8-6155] done synthesizing module 'main' (18#1) [C:/Users/Nathan/Desktop/cs152b/cs152b/final_project/final_project.srcs/sources_1/bd/main/synth/main.v:277]
INFO: [Synth 8-6155] done synthesizing module 'main_wrapper' (19#1) [C:/Users/Nathan/Desktop/cs152b/cs152b/final_project/final_project.srcs/sources_1/bd/main/hdl/main_wrapper.v:12]
WARNING: [Synth 8-3331] design s00_couplers_imp_1L2J9YZ has unconnected port M_ACLK
WARNING: [Synth 8-3331] design s00_couplers_imp_1L2J9YZ has unconnected port M_ARESETN
WARNING: [Synth 8-3331] design s00_couplers_imp_1L2J9YZ has unconnected port S_ACLK
WARNING: [Synth 8-3331] design s00_couplers_imp_1L2J9YZ has unconnected port S_ARESETN
WARNING: [Synth 8-3331] design m01_couplers_imp_15MILBS has unconnected port M_ACLK
WARNING: [Synth 8-3331] design m01_couplers_imp_15MILBS has unconnected port M_ARESETN
WARNING: [Synth 8-3331] design m01_couplers_imp_15MILBS has unconnected port S_ACLK
WARNING: [Synth 8-3331] design m01_couplers_imp_15MILBS has unconnected port S_ARESETN
WARNING: [Synth 8-3331] design m00_couplers_imp_32AL1Q has unconnected port M_ACLK
WARNING: [Synth 8-3331] design m00_couplers_imp_32AL1Q has unconnected port M_ARESETN
WARNING: [Synth 8-3331] design m00_couplers_imp_32AL1Q has unconnected port S_ACLK
WARNING: [Synth 8-3331] design m00_couplers_imp_32AL1Q has unconnected port S_ARESETN
---------------------------------------------------------------------------------
Finished RTL Elaboration : Time (s): cpu = 00:00:01 ; elapsed = 00:00:02 . Memory (MB): peak = 552.430 ; gain = 152.539
---------------------------------------------------------------------------------

Report Check Netlist: 
+------+------------------+-------+---------+-------+------------------+
|      |Item              |Errors |Warnings |Status |Description       |
+------+------------------+-------+---------+-------+------------------+
|1     |multi_driven_nets |      0|        0|Passed |Multi driven nets |
+------+------------------+-------+---------+-------+------------------+
---------------------------------------------------------------------------------
Start Handling Custom Attributes
---------------------------------------------------------------------------------
---------------------------------------------------------------------------------
Finished Handling Custom Attributes : Time (s): cpu = 00:00:01 ; elapsed = 00:00:02 . Memory (MB): peak = 552.430 ; gain = 152.539
---------------------------------------------------------------------------------
---------------------------------------------------------------------------------
Finished RTL Optimization Phase 1 : Time (s): cpu = 00:00:01 ; elapsed = 00:00:02 . Memory (MB): peak = 552.430 ; gain = 152.539
---------------------------------------------------------------------------------
INFO: [Device 21-403] Loading part xc7a35tcpg236-1
INFO: [Project 1-570] Preparing netlist for logic optimization

Processing XDC Constraints
Initializing timing engine
Parsing XDC File [c:/Users/Nathan/Desktop/cs152b/cs152b/final_project/final_project.srcs/sources_1/bd/main/ip/main_clk_wiz_0_0/main_clk_wiz_0_0/main_clk_wiz_0_0_in_context.xdc] for cell 'main_i/clk_wiz_0'
Finished Parsing XDC File [c:/Users/Nathan/Desktop/cs152b/cs152b/final_project/final_project.srcs/sources_1/bd/main/ip/main_clk_wiz_0_0/main_clk_wiz_0_0/main_clk_wiz_0_0_in_context.xdc] for cell 'main_i/clk_wiz_0'
Parsing XDC File [c:/Users/Nathan/Desktop/cs152b/cs152b/final_project/final_project.srcs/sources_1/bd/main/ip/main_axi_uartlite_0_0/main_axi_uartlite_0_0/main_axi_uartlite_0_0_in_context.xdc] for cell 'main_i/axi_uartlite_0'
Finished Parsing XDC File [c:/Users/Nathan/Desktop/cs152b/cs152b/final_project/final_project.srcs/sources_1/bd/main/ip/main_axi_uartlite_0_0/main_axi_uartlite_0_0/main_axi_uartlite_0_0_in_context.xdc] for cell 'main_i/axi_uartlite_0'
Parsing XDC File [c:/Users/Nathan/Desktop/cs152b/cs152b/final_project/final_project.srcs/sources_1/bd/main/ip/main_microblaze_0_0/main_microblaze_0_0/main_microblaze_0_0_in_context.xdc] for cell 'main_i/microblaze_0'
Finished Parsing XDC File [c:/Users/Nathan/Desktop/cs152b/cs152b/final_project/final_project.srcs/sources_1/bd/main/ip/main_microblaze_0_0/main_microblaze_0_0/main_microblaze_0_0_in_context.xdc] for cell 'main_i/microblaze_0'
Parsing XDC File [c:/Users/Nathan/Desktop/cs152b/cs152b/final_project/final_project.srcs/sources_1/bd/main/ip/main_mdm_1_0/main_mdm_1_0/main_mdm_1_0_in_context.xdc] for cell 'main_i/mdm_1'
Finished Parsing XDC File [c:/Users/Nathan/Desktop/cs152b/cs152b/final_project/final_project.srcs/sources_1/bd/main/ip/main_mdm_1_0/main_mdm_1_0/main_mdm_1_0_in_context.xdc] for cell 'main_i/mdm_1'
Parsing XDC File [c:/Users/Nathan/Desktop/cs152b/cs152b/final_project/final_project.srcs/sources_1/bd/main/ip/main_rst_clk_wiz_0_100M_0/main_rst_clk_wiz_0_100M_0/main_rst_clk_wiz_0_100M_0_in_context.xdc] for cell 'main_i/rst_clk_wiz_0_100M'
Finished Parsing XDC File [c:/Users/Nathan/Desktop/cs152b/cs152b/final_project/final_project.srcs/sources_1/bd/main/ip/main_rst_clk_wiz_0_100M_0/main_rst_clk_wiz_0_100M_0/main_rst_clk_wiz_0_100M_0_in_context.xdc] for cell 'main_i/rst_clk_wiz_0_100M'
Parsing XDC File [c:/Users/Nathan/Desktop/cs152b/cs152b/final_project/final_project.srcs/sources_1/bd/main/ip/main_dlmb_v10_0/main_dlmb_v10_0/main_dlmb_v10_0_in_context.xdc] for cell 'main_i/microblaze_0_local_memory/dlmb_v10'
Finished Parsing XDC File [c:/Users/Nathan/Desktop/cs152b/cs152b/final_project/final_project.srcs/sources_1/bd/main/ip/main_dlmb_v10_0/main_dlmb_v10_0/main_dlmb_v10_0_in_context.xdc] for cell 'main_i/microblaze_0_local_memory/dlmb_v10'
Parsing XDC File [c:/Users/Nathan/Desktop/cs152b/cs152b/final_project/final_project.srcs/sources_1/bd/main/ip/main_ilmb_v10_0/main_ilmb_v10_0/main_dlmb_v10_0_in_context.xdc] for cell 'main_i/microblaze_0_local_memory/ilmb_v10'
Finished Parsing XDC File [c:/Users/Nathan/Desktop/cs152b/cs152b/final_project/final_project.srcs/sources_1/bd/main/ip/main_ilmb_v10_0/main_ilmb_v10_0/main_dlmb_v10_0_in_context.xdc] for cell 'main_i/microblaze_0_local_memory/ilmb_v10'
Parsing XDC File [c:/Users/Nathan/Desktop/cs152b/cs152b/final_project/final_project.srcs/sources_1/bd/main/ip/main_dlmb_bram_if_cntlr_0/main_dlmb_bram_if_cntlr_0/main_dlmb_bram_if_cntlr_0_in_context.xdc] for cell 'main_i/microblaze_0_local_memory/dlmb_bram_if_cntlr'
Finished Parsing XDC File [c:/Users/Nathan/Desktop/cs152b/cs152b/final_project/final_project.srcs/sources_1/bd/main/ip/main_dlmb_bram_if_cntlr_0/main_dlmb_bram_if_cntlr_0/main_dlmb_bram_if_cntlr_0_in_context.xdc] for cell 'main_i/microblaze_0_local_memory/dlmb_bram_if_cntlr'
Parsing XDC File [c:/Users/Nathan/Desktop/cs152b/cs152b/final_project/final_project.srcs/sources_1/bd/main/ip/main_ilmb_bram_if_cntlr_0/main_ilmb_bram_if_cntlr_0/main_ilmb_bram_if_cntlr_0_in_context.xdc] for cell 'main_i/microblaze_0_local_memory/ilmb_bram_if_cntlr'
Finished Parsing XDC File [c:/Users/Nathan/Desktop/cs152b/cs152b/final_project/final_project.srcs/sources_1/bd/main/ip/main_ilmb_bram_if_cntlr_0/main_ilmb_bram_if_cntlr_0/main_ilmb_bram_if_cntlr_0_in_context.xdc] for cell 'main_i/microblaze_0_local_memory/ilmb_bram_if_cntlr'
Parsing XDC File [c:/Users/Nathan/Desktop/cs152b/cs152b/final_project/final_project.srcs/sources_1/bd/main/ip/main_lmb_bram_0/main_lmb_bram_0/main_lmb_bram_0_in_context.xdc] for cell 'main_i/microblaze_0_local_memory/lmb_bram'
Finished Parsing XDC File [c:/Users/Nathan/Desktop/cs152b/cs152b/final_project/final_project.srcs/sources_1/bd/main/ip/main_lmb_bram_0/main_lmb_bram_0/main_lmb_bram_0_in_context.xdc] for cell 'main_i/microblaze_0_local_memory/lmb_bram'
Parsing XDC File [c:/Users/Nathan/Desktop/cs152b/cs152b/final_project/final_project.srcs/sources_1/bd/main/ip/main_axi_timer_0_0/main_axi_timer_0_0/main_axi_timer_0_0_in_context.xdc] for cell 'main_i/axi_timer_0'
Finished Parsing XDC File [c:/Users/Nathan/Desktop/cs152b/cs152b/final_project/final_project.srcs/sources_1/bd/main/ip/main_axi_timer_0_0/main_axi_timer_0_0/main_axi_timer_0_0_in_context.xdc] for cell 'main_i/axi_timer_0'
Parsing XDC File [c:/Users/Nathan/Desktop/cs152b/cs152b/final_project/final_project.srcs/sources_1/bd/main/ip/main_xbar_0/main_xbar_0/main_xbar_0_in_context.xdc] for cell 'main_i/microblaze_0_axi_periph/xbar'
Finished Parsing XDC File [c:/Users/Nathan/Desktop/cs152b/cs152b/final_project/final_project.srcs/sources_1/bd/main/ip/main_xbar_0/main_xbar_0/main_xbar_0_in_context.xdc] for cell 'main_i/microblaze_0_axi_periph/xbar'
Parsing XDC File [C:/Users/Nathan/Desktop/cs152b/cs152b/final_project/final_project.srcs/constrs_1/imports/digilent-xdc-master/Basys-3-Master.xdc]
Finished Parsing XDC File [C:/Users/Nathan/Desktop/cs152b/cs152b/final_project/final_project.srcs/constrs_1/imports/digilent-xdc-master/Basys-3-Master.xdc]
INFO: [Project 1-236] Implementation specific constraints were found while reading constraint file [C:/Users/Nathan/Desktop/cs152b/cs152b/final_project/final_project.srcs/constrs_1/imports/digilent-xdc-master/Basys-3-Master.xdc]. These constraints will be ignored for synthesis but will be used in implementation. Impacted constraints are listed in the file [.Xil/main_wrapper_propImpl.xdc].
Resolution: To avoid this warning, move constraints listed in [.Xil/main_wrapper_propImpl.xdc] to another XDC file and exclude this new file from synthesis with the used_in_synthesis property (File Properties dialog in GUI) and re-run elaboration/synthesis.
Parsing XDC File [C:/Users/Nathan/Desktop/cs152b/cs152b/final_project/final_project.runs/synth_1/dont_touch.xdc]
Finished Parsing XDC File [C:/Users/Nathan/Desktop/cs152b/cs152b/final_project/final_project.runs/synth_1/dont_touch.xdc]
Completed Processing XDC Constraints

INFO: [Project 1-111] Unisim Transformation Summary:
No Unisim elements were transformed.

Constraint Validation Runtime : Time (s): cpu = 00:00:00 ; elapsed = 00:00:00.005 . Memory (MB): peak = 851.223 ; gain = 0.000
WARNING: [Timing 38-316] Clock period '20.000' specified during out-of-context synthesis of instance 'main_i/microblaze_0_local_memory/lmb_bram' at clock pin 'clka' is different from the actual clock period '10.000', this can lead to different synthesis results.
---------------------------------------------------------------------------------
Finished Constraint Validation : Time (s): cpu = 00:00:07 ; elapsed = 00:00:09 . Memory (MB): peak = 851.223 ; gain = 451.332
---------------------------------------------------------------------------------
---------------------------------------------------------------------------------
Start Loading Part and Timing Information
---------------------------------------------------------------------------------
Loading part: xc7a35tcpg236-1
---------------------------------------------------------------------------------
Finished Loading Part and Timing Information : Time (s): cpu = 00:00:07 ; elapsed = 00:00:09 . Memory (MB): peak = 851.223 ; gain = 451.332
---------------------------------------------------------------------------------
---------------------------------------------------------------------------------
Start Applying 'set_property' XDC Constraints
---------------------------------------------------------------------------------
Applied set_property IO_BUFFER_TYPE = NONE for clk. (constraint file  c:/Users/Nathan/Desktop/cs152b/cs152b/final_project/final_project.srcs/sources_1/bd/main/ip/main_clk_wiz_0_0/main_clk_wiz_0_0/main_clk_wiz_0_0_in_context.xdc, line 3).
Applied set_property CLOCK_BUFFER_TYPE = NONE for clk. (constraint file  c:/Users/Nathan/Desktop/cs152b/cs152b/final_project/final_project.srcs/sources_1/bd/main/ip/main_clk_wiz_0_0/main_clk_wiz_0_0/main_clk_wiz_0_0_in_context.xdc, line 4).
Applied set_property DONT_TOUCH = true for main_i. (constraint file  auto generated constraint, line ).
Applied set_property DONT_TOUCH = true for main_i/clk_wiz_0. (constraint file  auto generated constraint, line ).
Applied set_property DONT_TOUCH = true for main_i/axi_uartlite_0. (constraint file  auto generated constraint, line ).
Applied set_property DONT_TOUCH = true for main_i/microblaze_0. (constraint file  auto generated constraint, line ).
Applied set_property DONT_TOUCH = true for main_i/mdm_1. (constraint file  auto generated constraint, line ).
Applied set_property DONT_TOUCH = true for main_i/rst_clk_wiz_0_100M. (constraint file  auto generated constraint, line ).
Applied set_property DONT_TOUCH = true for main_i/microblaze_0_axi_periph. (constraint file  auto generated constraint, line ).
Applied set_property DONT_TOUCH = true for main_i/microblaze_0_local_memory/dlmb_v10. (constraint file  auto generated constraint, line ).
Applied set_property DONT_TOUCH = true for main_i/microblaze_0_local_memory/ilmb_v10. (constraint file  auto generated constraint, line ).
Applied set_property DONT_TOUCH = true for main_i/microblaze_0_local_memory/dlmb_bram_if_cntlr. (constraint file  auto generated constraint, line ).
Applied set_property DONT_TOUCH = true for main_i/microblaze_0_local_memory/ilmb_bram_if_cntlr. (constraint file  auto generated constraint, line ).
Applied set_property DONT_TOUCH = true for main_i/microblaze_0_local_memory/lmb_bram. (constraint file  auto generated constraint, line ).
Applied set_property DONT_TOUCH = true for main_i/axi_timer_0. (constraint file  auto generated constraint, line ).
Applied set_property DONT_TOUCH = true for main_i/microblaze_0_axi_periph/xbar. (constraint file  auto generated constraint, line ).
---------------------------------------------------------------------------------
Finished applying 'set_property' XDC Constraints : Time (s): cpu = 00:00:07 ; elapsed = 00:00:09 . Memory (MB): peak = 851.223 ; gain = 451.332
---------------------------------------------------------------------------------
---------------------------------------------------------------------------------
Finished RTL Optimization Phase 2 : Time (s): cpu = 00:00:07 ; elapsed = 00:00:09 . Memory (MB): peak = 851.223 ; gain = 451.332
---------------------------------------------------------------------------------

Report RTL Partitions: 
+-+--------------+------------+----------+
| |RTL Partition |Replication |Instances |
+-+--------------+------------+----------+
+-+--------------+------------+----------+
---------------------------------------------------------------------------------
Start RTL Component Statistics 
---------------------------------------------------------------------------------
Detailed RTL Component Info : 
---------------------------------------------------------------------------------
Finished RTL Component Statistics 
---------------------------------------------------------------------------------
---------------------------------------------------------------------------------
Start RTL Hierarchical Component Statistics 
---------------------------------------------------------------------------------
Hierarchical RTL Component report 
---------------------------------------------------------------------------------
Finished RTL Hierarchical Component Statistics
---------------------------------------------------------------------------------
---------------------------------------------------------------------------------
Start Part Resource Summary
---------------------------------------------------------------------------------
Part Resources:
DSPs: 90 (col length:60)
BRAMs: 100 (col length: RAMB18 60 RAMB36 30)
---------------------------------------------------------------------------------
Finished Part Resource Summary
---------------------------------------------------------------------------------
---------------------------------------------------------------------------------
Start Cross Boundary and Area Optimization
---------------------------------------------------------------------------------
Warning: Parallel synthesis criteria is not met 
WARNING: [Synth 8-3331] design main_microblaze_0_axi_periph_0 has unconnected port M00_ACLK
WARNING: [Synth 8-3331] design main_microblaze_0_axi_periph_0 has unconnected port M00_ARESETN
WARNING: [Synth 8-3331] design main_microblaze_0_axi_periph_0 has unconnected port M01_ACLK
WARNING: [Synth 8-3331] design main_microblaze_0_axi_periph_0 has unconnected port M01_ARESETN
WARNING: [Synth 8-3331] design main_microblaze_0_axi_periph_0 has unconnected port S00_ACLK
WARNING: [Synth 8-3331] design main_microblaze_0_axi_periph_0 has unconnected port S00_ARESETN
---------------------------------------------------------------------------------
Finished Cross Boundary and Area Optimization : Time (s): cpu = 00:00:07 ; elapsed = 00:00:10 . Memory (MB): peak = 851.223 ; gain = 451.332
---------------------------------------------------------------------------------

Report RTL Partitions: 
+-+--------------+------------+----------+
| |RTL Partition |Replication |Instances |
+-+--------------+------------+----------+
+-+--------------+------------+----------+
---------------------------------------------------------------------------------
Start Applying XDC Timing Constraints
---------------------------------------------------------------------------------
INFO: [Synth 8-5578] Moved timing constraint from pin 'main_i/clk_wiz_0/clk_out1' to pin 'main_i/clk_wiz_0/bbstub_clk_out1/O'
INFO: [Synth 8-5578] Moved timing constraint from pin 'main_i/mdm_1/Dbg_Clk_0' to pin 'main_i/mdm_1/bbstub_Dbg_Clk_0/O'
INFO: [Synth 8-5578] Moved timing constraint from pin 'main_i/mdm_1/Dbg_Update_0' to pin 'main_i/mdm_1/bbstub_Dbg_Update_0/O'
INFO: [Synth 8-5578] Moved timing constraint from pin 'main_i/microblaze_0_local_memory/dlmb_bram_if_cntlr/BRAM_Clk_A' to pin 'main_i/microblaze_0_local_memory/dlmb_bram_if_cntlr/bbstub_BRAM_Clk_A/O'
INFO: [Synth 8-5578] Moved timing constraint from pin 'main_i/microblaze_0_local_memory/ilmb_bram_if_cntlr/BRAM_Clk_A' to pin 'main_i/microblaze_0_local_memory/ilmb_bram_if_cntlr/bbstub_BRAM_Clk_A/O'
INFO: [Synth 8-5819] Moved 5 constraints on hierarchical pins to their respective driving/loading pins
---------------------------------------------------------------------------------
Finished Applying XDC Timing Constraints : Time (s): cpu = 00:00:13 ; elapsed = 00:00:17 . Memory (MB): peak = 863.812 ; gain = 463.922
---------------------------------------------------------------------------------
---------------------------------------------------------------------------------
Start Timing Optimization
---------------------------------------------------------------------------------
---------------------------------------------------------------------------------
Finished Timing Optimization : Time (s): cpu = 00:00:13 ; elapsed = 00:00:17 . Memory (MB): peak = 863.961 ; gain = 464.070
---------------------------------------------------------------------------------

Report RTL Partitions: 
+-+--------------+------------+----------+
| |RTL Partition |Replication |Instances |
+-+--------------+------------+----------+
+-+--------------+------------+----------+
---------------------------------------------------------------------------------
Start Technology Mapping
---------------------------------------------------------------------------------
---------------------------------------------------------------------------------
Finished Technology Mapping : Time (s): cpu = 00:00:13 ; elapsed = 00:00:17 . Memory (MB): peak = 865.031 ; gain = 465.141
---------------------------------------------------------------------------------

Report RTL Partitions: 
+-+--------------+------------+----------+
| |RTL Partition |Replication |Instances |
+-+--------------+------------+----------+
+-+--------------+------------+----------+
---------------------------------------------------------------------------------
Start IO Insertion
---------------------------------------------------------------------------------
---------------------------------------------------------------------------------
Start Flattening Before IO Insertion
---------------------------------------------------------------------------------
---------------------------------------------------------------------------------
Finished Flattening Before IO Insertion
---------------------------------------------------------------------------------
---------------------------------------------------------------------------------
Start Final Netlist Cleanup
---------------------------------------------------------------------------------
---------------------------------------------------------------------------------
Finished Final Netlist Cleanup
---------------------------------------------------------------------------------
---------------------------------------------------------------------------------
Finished IO Insertion : Time (s): cpu = 00:00:14 ; elapsed = 00:00:18 . Memory (MB): peak = 865.219 ; gain = 465.328
---------------------------------------------------------------------------------

Report Check Netlist: 
+------+------------------+-------+---------+-------+------------------+
|      |Item              |Errors |Warnings |Status |Description       |
+------+------------------+-------+---------+-------+------------------+
|1     |multi_driven_nets |      0|        0|Passed |Multi driven nets |
+------+------------------+-------+---------+-------+------------------+
---------------------------------------------------------------------------------
Start Renaming Generated Instances
---------------------------------------------------------------------------------
---------------------------------------------------------------------------------
Finished Renaming Generated Instances : Time (s): cpu = 00:00:14 ; elapsed = 00:00:18 . Memory (MB): peak = 865.219 ; gain = 465.328
---------------------------------------------------------------------------------

Report RTL Partitions: 
+-+--------------+------------+----------+
| |RTL Partition |Replication |Instances |
+-+--------------+------------+----------+
+-+--------------+------------+----------+
---------------------------------------------------------------------------------
Start Rebuilding User Hierarchy
---------------------------------------------------------------------------------
---------------------------------------------------------------------------------
Finished Rebuilding User Hierarchy : Time (s): cpu = 00:00:14 ; elapsed = 00:00:18 . Memory (MB): peak = 865.219 ; gain = 465.328
---------------------------------------------------------------------------------
---------------------------------------------------------------------------------
Start Renaming Generated Ports
---------------------------------------------------------------------------------
---------------------------------------------------------------------------------
Finished Renaming Generated Ports : Time (s): cpu = 00:00:14 ; elapsed = 00:00:18 . Memory (MB): peak = 865.219 ; gain = 465.328
---------------------------------------------------------------------------------
---------------------------------------------------------------------------------
Start Handling Custom Attributes
---------------------------------------------------------------------------------
---------------------------------------------------------------------------------
Finished Handling Custom Attributes : Time (s): cpu = 00:00:14 ; elapsed = 00:00:18 . Memory (MB): peak = 865.219 ; gain = 465.328
---------------------------------------------------------------------------------
---------------------------------------------------------------------------------
Start Renaming Generated Nets
---------------------------------------------------------------------------------
---------------------------------------------------------------------------------
Finished Renaming Generated Nets : Time (s): cpu = 00:00:14 ; elapsed = 00:00:18 . Memory (MB): peak = 865.219 ; gain = 465.328
---------------------------------------------------------------------------------
---------------------------------------------------------------------------------
Start Writing Synthesis Report
---------------------------------------------------------------------------------

Report BlackBoxes: 
+------+--------------------------+----------+
|      |BlackBox name             |Instances |
+------+--------------------------+----------+
|1     |main_xbar_0               |         1|
|2     |main_axi_timer_0_0        |         1|
|3     |main_axi_uartlite_0_0     |         1|
|4     |main_clk_wiz_0_0          |         1|
|5     |main_mdm_1_0              |         1|
|6     |main_microblaze_0_0       |         1|
|7     |main_rst_clk_wiz_0_100M_0 |         1|
|8     |main_dlmb_bram_if_cntlr_0 |         1|
|9     |main_dlmb_v10_0           |         1|
|10    |main_ilmb_bram_if_cntlr_0 |         1|
|11    |main_ilmb_v10_0           |         1|
|12    |main_lmb_bram_0           |         1|
+------+--------------------------+----------+

Report Cell Usage: 
+------+--------------------------+------+
|      |Cell                      |Count |
+------+--------------------------+------+
|1     |main_axi_timer_0_0        |     1|
|2     |main_axi_uartlite_0_0     |     1|
|3     |main_clk_wiz_0_0          |     1|
|4     |main_dlmb_bram_if_cntlr_0 |     1|
|5     |main_dlmb_v10_0           |     1|
|6     |main_ilmb_bram_if_cntlr_0 |     1|
|7     |main_ilmb_v10_0           |     1|
|8     |main_lmb_bram_0           |     1|
|9     |main_mdm_1_0              |     1|
|10    |main_microblaze_0_0       |     1|
|11    |main_rst_clk_wiz_0_100M_0 |     1|
|12    |main_xbar_0               |     1|
|13    |IBUF                      |     2|
|14    |OBUF                      |     1|
+------+--------------------------+------+

Report Instance Areas: 
+------+------------------------------+--------------------------------------+------+
|      |Instance                      |Module                                |Cells |
+------+------------------------------+--------------------------------------+------+
|1     |top                           |                                      |  1092|
|2     |  main_i                      |main                                  |  1089|
|3     |    microblaze_0_axi_periph   |main_microblaze_0_axi_periph_0        |   263|
|4     |    microblaze_0_local_memory |microblaze_0_local_memory_imp_1APSQ96 |   496|
+------+------------------------------+--------------------------------------+------+
---------------------------------------------------------------------------------
Finished Writing Synthesis Report : Time (s): cpu = 00:00:14 ; elapsed = 00:00:18 . Memory (MB): peak = 865.219 ; gain = 465.328
---------------------------------------------------------------------------------
Synthesis finished with 0 errors, 0 critical warnings and 6 warnings.
Synthesis Optimization Runtime : Time (s): cpu = 00:00:09 ; elapsed = 00:00:12 . Memory (MB): peak = 865.242 ; gain = 166.559
Synthesis Optimization Complete : Time (s): cpu = 00:00:14 ; elapsed = 00:00:18 . Memory (MB): peak = 865.242 ; gain = 465.352
INFO: [Project 1-571] Translating synthesized netlist
INFO: [Netlist 29-17] Analyzing 2 Unisim elements for replacement
INFO: [Netlist 29-28] Unisim Transformation completed in 0 CPU seconds
INFO: [Project 1-570] Preparing netlist for logic optimization
INFO: [Opt 31-138] Pushed 0 inverter(s) to 0 load pin(s).
INFO: [Project 1-111] Unisim Transformation Summary:
No Unisim elements were transformed.

INFO: [Common 17-83] Releasing license: Synthesis
59 Infos, 27 Warnings, 0 Critical Warnings and 0 Errors encountered.
synth_design completed successfully
synth_design: Time (s): cpu = 00:00:15 ; elapsed = 00:00:20 . Memory (MB): peak = 882.703 ; gain = 489.777
WARNING: [Constraints 18-5210] No constraint will be written out.
INFO: [Common 17-1381] The checkpoint 'C:/Users/Nathan/Desktop/cs152b/cs152b/final_project/final_project.runs/synth_1/main_wrapper.dcp' has been generated.
INFO: [runtcl-4] Executing : report_utilization -file main_wrapper_utilization_synth.rpt -pb main_wrapper_utilization_synth.pb
report_utilization: Time (s): cpu = 00:00:00 ; elapsed = 00:00:00.010 . Memory (MB): peak = 883.055 ; gain = 0.000
INFO: [Common 17-206] Exiting Vivado at Tue Jun  2 14:15:41 2026...
