13:59:53 **** Incremental Build of configuration Debug for project benchmark ****
make all 
make: Nothing to be done for `all'.
14:00:01 **** Incremental Build of configuration Debug for project benchmark ****
make all 
make: Nothing to be done for `all'.
14:00:58 **** Incremental Build of configuration Debug for project benchmark ****
make all 
make: Nothing to be done for `all'.
14:01:37 **** Auto Build of configuration Debug for project benchmark ****
make all 
'Building file: ../src/benchmark.c'
'Invoking: MicroBlaze gcc compiler'
mb-gcc -Wall -O0 -g3 -c -fmessage-length=0 -MT"src/benchmark.o" -I../../benchmark_bsp/microblaze_0/include -mlittle-endian -mcpu=v10.0 -mxl-soft-mul -Wl,--no-relax -ffunction-sections -fdata-sections -MMD -MP -MF"src/benchmark.d" -MT"src/benchmark.o" -o "src/benchmark.o" "../src/benchmark.c"
'Finished building: ../src/benchmark.c'
' '
'Building target: benchmark.elf'
'Invoking: MicroBlaze gcc linker'
mb-gcc -Wl,-T -Wl,../src/lscript.ld -L../../benchmark_bsp/microblaze_0/lib -mlittle-endian -mcpu=v10.0 -mxl-soft-mul -Wl,--no-relax -Wl,--gc-sections -o "benchmark.elf"  ./src/benchmark.o   -Wl,--start-group,-lxil,-lgcc,-lc,--end-group
'Finished building target: benchmark.elf'
' '
'Invoking: MicroBlaze Print Size'
mb-size benchmark.elf  |tee "benchmark.elf.size"
   text	   data	    bss	    dec	    hex	filename
   5732	    272	   3116	   9120	   23a0	benchmark.elf
'Finished building: benchmark.elf.size'
' '
14:01:39 **** Incremental Build of configuration Debug for project benchmark ****
make all 
make: Nothing to be done for `all'.
14:04:17 **** Incremental Build of configuration Debug for project benchmark ****
make all 
make: Nothing to be done for `all'.
14:07:46 **** Auto Build of configuration Debug for project benchmark ****
make all 
'Building file: ../src/benchmark.c'
'Invoking: MicroBlaze gcc compiler'
mb-gcc -Wall -O0 -g3 -c -fmessage-length=0 -MT"src/benchmark.o" -I../../benchmark_bsp/microblaze_0/include -mlittle-endian -mcpu=v10.0 -mxl-soft-mul -Wl,--no-relax -ffunction-sections -fdata-sections -MMD -MP -MF"src/benchmark.d" -MT"src/benchmark.o" -o "src/benchmark.o" "../src/benchmark.c"
'Finished building: ../src/benchmark.c'
' '
'Building target: benchmark.elf'
'Invoking: MicroBlaze gcc linker'
mb-gcc -Wl,-T -Wl,../src/lscript.ld -L../../benchmark_bsp/microblaze_0/lib -mlittle-endian -mcpu=v10.0 -mxl-soft-mul -Wl,--no-relax -Wl,--gc-sections -o "benchmark.elf"  ./src/benchmark.o   -Wl,--start-group,-lxil,-lgcc,-lc,--end-group
'Finished building target: benchmark.elf'
' '
'Invoking: MicroBlaze Print Size'
mb-size benchmark.elf  |tee "benchmark.elf.size"
   text	   data	    bss	    dec	    hex	filename
  12308	    272	   3116	  15696	   3d50	benchmark.elf
'Finished building: benchmark.elf.size'
' '
14:07:59 **** Incremental Build of configuration Debug for project benchmark ****
make all 
make: Nothing to be done for `all'.
14:08:17 **** Incremental Build of configuration Debug for project benchmark ****
make all 
make: Nothing to be done for `all'.
14:09:26 **** Auto Build of configuration Debug for project benchmark ****
make all 
'Building file: ../src/benchmark.c'
'Invoking: MicroBlaze gcc compiler'
mb-gcc -Wall -O0 -g3 -c -fmessage-length=0 -MT"src/benchmark.o" -I../../benchmark_bsp/microblaze_0/include -mlittle-endian -mcpu=v10.0 -mxl-soft-mul -Wl,--no-relax -ffunction-sections -fdata-sections -MMD -MP -MF"src/benchmark.d" -MT"src/benchmark.o" -o "src/benchmark.o" "../src/benchmark.c"
../src/benchmark.c:3:10: fatal error: xtmrctr.h: No such file or directory
 #include "xtmrctr.h"
          ^~~~~~~~~~~
compilation terminated.
make: *** [src/benchmark.o] Error 1
14:18:33 **** Auto Build of configuration Debug for project benchmark ****
make all 
'Building file: ../src/benchmark.c'
'Invoking: MicroBlaze gcc compiler'
mb-gcc -Wall -O0 -g3 -c -fmessage-length=0 -MT"src/benchmark.o" -I../../benchmark_bsp/microblaze_0/include -mlittle-endian -mcpu=v10.0 -mxl-soft-mul -Wl,--no-relax -ffunction-sections -fdata-sections -MMD -MP -MF"src/benchmark.d" -MT"src/benchmark.o" -o "src/benchmark.o" "../src/benchmark.c"
../src/benchmark.c:3:10: fatal error: xtmrctr.h: No such file or directory
 #include "xtmrctr.h"
          ^~~~~~~~~~~
compilation terminated.
make: *** [src/benchmark.o] Error 1
14:18:34 **** Incremental Build of configuration Debug for project benchmark ****
make all 
'Building file: ../src/benchmark.c'
'Invoking: MicroBlaze gcc compiler'
mb-gcc -Wall -O0 -g3 -c -fmessage-length=0 -MT"src/benchmark.o" -I../../benchmark_bsp/microblaze_0/include -mlittle-endian -mcpu=v10.0 -mxl-soft-mul -Wl,--no-relax -ffunction-sections -fdata-sections -MMD -MP -MF"src/benchmark.d" -MT"src/benchmark.o" -o "src/benchmark.o" "../src/benchmark.c"
../src/benchmark.c:3:10: fatal error: xtmrctr.h: No such file or directory
 #include "xtmrctr.h"
          ^~~~~~~~~~~
compilation terminated.
make: *** [src/benchmark.o] Error 1
14:19:27 **** Auto Build of configuration Debug for project benchmark ****
make all 
'Building file: ../src/benchmark.c'
'Invoking: MicroBlaze gcc compiler'
mb-gcc -Wall -O0 -g3 -c -fmessage-length=0 -MT"src/benchmark.o" -I../../benchmark_bsp/microblaze_0/include -mlittle-endian -mcpu=v10.0 -mxl-soft-mul -Wl,--no-relax -ffunction-sections -fdata-sections -MMD -MP -MF"src/benchmark.d" -MT"src/benchmark.o" -o "src/benchmark.o" "../src/benchmark.c"
../src/benchmark.c:3:10: fatal error: xtmrctr.h: No such file or directory
 #include "xtmrctr.h"
          ^~~~~~~~~~~
compilation terminated.
make: *** [src/benchmark.o] Error 1
14:19:53 **** Auto Build of project benchmark_bsp ****
make -k all 
"Running Make include in microblaze_0/libsrc/bram_v4_2/src"
make -C microblaze_0/libsrc/bram_v4_2/src -s include  "SHELL=CMD" "COMPILER=mb-gcc" "ARCHIVER=mb-ar" "COMPILER_FLAGS=  -O2 -c -mcpu=v10.0 -mlittle-endian -mxl-soft-mul" "EXTRA_COMPILER_FLAGS=-ffunction-sections -fdata-sections -Wall -Wextra"
"Running Make include in microblaze_0/libsrc/cpu_v2_7/src"
make -C microblaze_0/libsrc/cpu_v2_7/src -s include  "SHELL=CMD" "COMPILER=mb-gcc" "ARCHIVER=mb-ar" "COMPILER_FLAGS=  -O2 -c -mcpu=v10.0 -mlittle-endian -mxl-soft-mul" "EXTRA_COMPILER_FLAGS=-ffunction-sections -fdata-sections -Wall -Wextra"
"Running Make include in microblaze_0/libsrc/standalone_v6_7/src"
make -C microblaze_0/libsrc/standalone_v6_7/src -s include  "SHELL=CMD" "COMPILER=mb-gcc" "ARCHIVER=mb-ar" "COMPILER_FLAGS=  -O2 -c -mcpu=v10.0 -mlittle-endian -mxl-soft-mul" "EXTRA_COMPILER_FLAGS=-ffunction-sections -fdata-sections -Wall -Wextra"
"Running Make include in microblaze_0/libsrc/tmrctr_v4_4/src"
make -C microblaze_0/libsrc/tmrctr_v4_4/src -s include  "SHELL=CMD" "COMPILER=mb-gcc" "ARCHIVER=mb-ar" "COMPILER_FLAGS=  -O2 -c -mcpu=v10.0 -mlittle-endian -mxl-soft-mul" "EXTRA_COMPILER_FLAGS=-ffunction-sections -fdata-sections -Wall -Wextra"
"Running Make include in microblaze_0/libsrc/uartlite_v3_2/src"
make -C microblaze_0/libsrc/uartlite_v3_2/src -s include  "SHELL=CMD" "COMPILER=mb-gcc" "ARCHIVER=mb-ar" "COMPILER_FLAGS=  -O2 -c -mcpu=v10.0 -mlittle-endian -mxl-soft-mul" "EXTRA_COMPILER_FLAGS=-ffunction-sections -fdata-sections -Wall -Wextra"
"Running Make libs in microblaze_0/libsrc/bram_v4_2/src"
make -C microblaze_0/libsrc/bram_v4_2/src -s libs  "SHELL=CMD" "COMPILER=mb-gcc" "ARCHIVER=mb-ar" "COMPILER_FLAGS=  -O2 -c -mcpu=v10.0 -mlittle-endian -mxl-soft-mul" "EXTRA_COMPILER_FLAGS=-ffunction-sections -fdata-sections -Wall -Wextra"
"Compiling bram"
mb-ar: creating ../../../lib/libxil.a
"Running Make libs in microblaze_0/libsrc/cpu_v2_7/src"
make -C microblaze_0/libsrc/cpu_v2_7/src -s libs  "SHELL=CMD" "COMPILER=mb-gcc" "ARCHIVER=mb-ar" "COMPILER_FLAGS=  -O2 -c -mcpu=v10.0 -mlittle-endian -mxl-soft-mul" "EXTRA_COMPILER_FLAGS=-ffunction-sections -fdata-sections -Wall -Wextra"
"Compiling cpu"
"Running Make libs in microblaze_0/libsrc/standalone_v6_7/src"
make -C microblaze_0/libsrc/standalone_v6_7/src -s libs  "SHELL=CMD" "COMPILER=mb-gcc" "ARCHIVER=mb-ar" "COMPILER_FLAGS=  -O2 -c -mcpu=v10.0 -mlittle-endian -mxl-soft-mul" "EXTRA_COMPILER_FLAGS=-ffunction-sections -fdata-sections -Wall -Wextra"
"Compiling standalone";
microblaze_sleep.c:69:2: warning: #warning "May wait for more than the specified delay" [-Wcpp]
 #warning "May wait for more than the specified delay"
  ^~~~~~~
"Running Make libs in microblaze_0/libsrc/tmrctr_v4_4/src"
make -C microblaze_0/libsrc/tmrctr_v4_4/src -s libs  "SHELL=CMD" "COMPILER=mb-gcc" "ARCHIVER=mb-ar" "COMPILER_FLAGS=  -O2 -c -mcpu=v10.0 -mlittle-endian -mxl-soft-mul" "EXTRA_COMPILER_FLAGS=-ffunction-sections -fdata-sections -Wall -Wextra"
"Compiling tmrctr"
"Running Make libs in microblaze_0/libsrc/uartlite_v3_2/src"
make -C microblaze_0/libsrc/uartlite_v3_2/src -s libs  "SHELL=CMD" "COMPILER=mb-gcc" "ARCHIVER=mb-ar" "COMPILER_FLAGS=  -O2 -c -mcpu=v10.0 -mlittle-endian -mxl-soft-mul" "EXTRA_COMPILER_FLAGS=-ffunction-sections -fdata-sections -Wall -Wextra"
"Compiling uartlite"
'Finished building libraries'
14:20:00 **** Auto Build of configuration Debug for project benchmark ****
make all 
'Building file: ../src/benchmark.c'
'Invoking: MicroBlaze gcc compiler'
mb-gcc -Wall -O0 -g3 -c -fmessage-length=0 -MT"src/benchmark.o" -I../../benchmark_bsp/microblaze_0/include -mlittle-endian -mcpu=v10.0 -mxl-soft-mul -Wl,--no-relax -ffunction-sections -fdata-sections -MMD -MP -MF"src/benchmark.d" -MT"src/benchmark.o" -o "src/benchmark.o" "../src/benchmark.c"
'Finished building: ../src/benchmark.c'
' '
'Building target: benchmark.elf'
'Invoking: MicroBlaze gcc linker'
mb-gcc -Wl,-T -Wl,../src/lscript.ld -L../../benchmark_bsp/microblaze_0/lib -mlittle-endian -mcpu=v10.0 -mxl-soft-mul -Wl,--no-relax -Wl,--gc-sections -o "benchmark.elf"  ./src/benchmark.o   -Wl,--start-group,-lxil,-lgcc,-lc,--end-group
'Finished building target: benchmark.elf'
' '
'Invoking: MicroBlaze Print Size'
mb-size benchmark.elf  |tee "benchmark.elf.size"
   text	   data	    bss	    dec	    hex	filename
  13496	    292	   3164	  16952	   4238	benchmark.elf
'Finished building: benchmark.elf.size'
' '
14:20:02 **** Incremental Build of configuration Debug for project benchmark ****
make all 
make: Nothing to be done for `all'.
14:22:39 **** Auto Build of configuration Debug for project benchmark ****
make all 
'Building file: ../src/benchmark.c'
'Invoking: MicroBlaze gcc compiler'
mb-gcc -Wall -O0 -g3 -c -fmessage-length=0 -MT"src/benchmark.o" -I../../benchmark_bsp/microblaze_0/include -mlittle-endian -mcpu=v10.0 -mxl-soft-mul -Wl,--no-relax -ffunction-sections -fdata-sections -MMD -MP -MF"src/benchmark.d" -MT"src/benchmark.o" -o "src/benchmark.o" "../src/benchmark.c"
'Finished building: ../src/benchmark.c'
' '
'Building target: benchmark.elf'
'Invoking: MicroBlaze gcc linker'
mb-gcc -Wl,-T -Wl,../src/lscript.ld -L../../benchmark_bsp/microblaze_0/lib -mlittle-endian -mcpu=v10.0 -mxl-soft-mul -Wl,--no-relax -Wl,--gc-sections -o "benchmark.elf"  ./src/benchmark.o   -Wl,--start-group,-lxil,-lgcc,-lc,--end-group
'Finished building target: benchmark.elf'
' '
'Invoking: MicroBlaze Print Size'
mb-size benchmark.elf  |tee "benchmark.elf.size"
   text	   data	    bss	    dec	    hex	filename
  13512	    292	   3164	  16968	   4248	benchmark.elf
'Finished building: benchmark.elf.size'
' '
14:22:46 **** Incremental Build of configuration Debug for project benchmark ****
make all 
make: Nothing to be done for `all'.
14:27:08 **** Auto Build of configuration Debug for project benchmark ****
make all 
'Building file: ../src/benchmark.c'
'Invoking: MicroBlaze gcc compiler'
mb-gcc -Wall -O0 -g3 -c -fmessage-length=0 -MT"src/benchmark.o" -I../../benchmark_bsp/microblaze_0/include -mlittle-endian -mcpu=v10.0 -mxl-soft-mul -Wl,--no-relax -ffunction-sections -fdata-sections -MMD -MP -MF"src/benchmark.d" -MT"src/benchmark.o" -o "src/benchmark.o" "../src/benchmark.c"
'Finished building: ../src/benchmark.c'
' '
'Building target: benchmark.elf'
'Invoking: MicroBlaze gcc linker'
mb-gcc -Wl,-T -Wl,../src/lscript.ld -L../../benchmark_bsp/microblaze_0/lib -mlittle-endian -mcpu=v10.0 -mxl-soft-mul -Wl,--no-relax -Wl,--gc-sections -o "benchmark.elf"  ./src/benchmark.o   -Wl,--start-group,-lxil,-lgcc,-lc,--end-group
'Finished building target: benchmark.elf'
' '
'Invoking: MicroBlaze Print Size'
mb-size benchmark.elf  |tee "benchmark.elf.size"
   text	   data	    bss	    dec	    hex	filename
  13448	    292	   3164	  16904	   4208	benchmark.elf
'Finished building: benchmark.elf.size'
' '
14:27:28 **** Auto Build of configuration Debug for project benchmark ****
make all 
'Building file: ../src/benchmark.c'
'Invoking: MicroBlaze gcc compiler'
mb-gcc -Wall -O0 -g3 -c -fmessage-length=0 -MT"src/benchmark.o" -I../../benchmark_bsp/microblaze_0/include -mlittle-endian -mcpu=v10.0 -mxl-soft-mul -Wl,--no-relax -ffunction-sections -fdata-sections -MMD -MP -MF"src/benchmark.d" -MT"src/benchmark.o" -o "src/benchmark.o" "../src/benchmark.c"
'Finished building: ../src/benchmark.c'
' '
'Building target: benchmark.elf'
'Invoking: MicroBlaze gcc linker'
mb-gcc -Wl,-T -Wl,../src/lscript.ld -L../../benchmark_bsp/microblaze_0/lib -mlittle-endian -mcpu=v10.0 -mxl-soft-mul -Wl,--no-relax -Wl,--gc-sections -o "benchmark.elf"  ./src/benchmark.o   -Wl,--start-group,-lxil,-lgcc,-lc,--end-group
'Finished building target: benchmark.elf'
' '
'Invoking: MicroBlaze Print Size'
mb-size benchmark.elf  |tee "benchmark.elf.size"
   text	   data	    bss	    dec	    hex	filename
  13500	    292	   3168	  16960	   4240	benchmark.elf
'Finished building: benchmark.elf.size'
' '
14:27:29 **** Incremental Build of configuration Debug for project benchmark ****
make all 
make: Nothing to be done for `all'.
14:27:55 **** Auto Build of configuration Debug for project benchmark ****
make all 
'Building file: ../src/benchmark.c'
'Invoking: MicroBlaze gcc compiler'
mb-gcc -Wall -O0 -g3 -c -fmessage-length=0 -MT"src/benchmark.o" -I../../benchmark_bsp/microblaze_0/include -mlittle-endian -mcpu=v10.0 -mxl-soft-mul -Wl,--no-relax -ffunction-sections -fdata-sections -MMD -MP -MF"src/benchmark.d" -MT"src/benchmark.o" -o "src/benchmark.o" "../src/benchmark.c"
'Finished building: ../src/benchmark.c'
' '
'Building target: benchmark.elf'
'Invoking: MicroBlaze gcc linker'
mb-gcc -Wl,-T -Wl,../src/lscript.ld -L../../benchmark_bsp/microblaze_0/lib -mlittle-endian -mcpu=v10.0 -mxl-soft-mul -Wl,--no-relax -Wl,--gc-sections -o "benchmark.elf"  ./src/benchmark.o   -Wl,--start-group,-lxil,-lgcc,-lc,--end-group
'Finished building target: benchmark.elf'
' '
'Invoking: MicroBlaze Print Size'
mb-size benchmark.elf  |tee "benchmark.elf.size"
   text	   data	    bss	    dec	    hex	filename
  13500	    292	   3168	  16960	   4240	benchmark.elf
'Finished building: benchmark.elf.size'
' '
14:31:57 **** Incremental Build of configuration Debug for project final_project ****
make all 
make: Nothing to be done for `all'.
10:09:26 **** Incremental Build of configuration Debug for project final_project ****
make all 
make: Nothing to be done for `all'.
10:10:13 **** Incremental Build of configuration Debug for project final_project ****
make all 
make: Nothing to be done for `all'.
